Archive member included to satisfy reference by file (symbol)

/home/the_3d6/devtools/gcc-arm-none-eabi-8-2018-q4-major/bin/../lib/gcc/arm-none-eabi/8.2.1/../../../../arm-none-eabi/lib/thumb/v7e-m+fp/hard/libc_nano.a(lib_a-exit.o)
                              /home/the_3d6/devtools/gcc-arm-none-eabi-8-2018-q4-major/bin/../lib/gcc/arm-none-eabi/8.2.1/../../../../arm-none-eabi/lib/thumb/v7e-m+fp/hard/crt0.o (exit)
/home/the_3d6/devtools/gcc-arm-none-eabi-8-2018-q4-major/bin/../lib/gcc/arm-none-eabi/8.2.1/../../../../arm-none-eabi/lib/thumb/v7e-m+fp/hard/libc_nano.a(lib_a-impure.o)
                              /home/the_3d6/devtools/gcc-arm-none-eabi-8-2018-q4-major/bin/../lib/gcc/arm-none-eabi/8.2.1/../../../../arm-none-eabi/lib/thumb/v7e-m+fp/hard/libc_nano.a(lib_a-exit.o) (_global_impure_ptr)
/home/the_3d6/devtools/gcc-arm-none-eabi-8-2018-q4-major/bin/../lib/gcc/arm-none-eabi/8.2.1/../../../../arm-none-eabi/lib/thumb/v7e-m+fp/hard/libc_nano.a(lib_a-init.o)
                              /home/the_3d6/devtools/gcc-arm-none-eabi-8-2018-q4-major/bin/../lib/gcc/arm-none-eabi/8.2.1/../../../../arm-none-eabi/lib/thumb/v7e-m+fp/hard/crt0.o (__libc_init_array)
/home/the_3d6/devtools/gcc-arm-none-eabi-8-2018-q4-major/bin/../lib/gcc/arm-none-eabi/8.2.1/../../../../arm-none-eabi/lib/thumb/v7e-m+fp/hard/libc_nano.a(lib_a-memset.o)
                              /home/the_3d6/devtools/gcc-arm-none-eabi-8-2018-q4-major/bin/../lib/gcc/arm-none-eabi/8.2.1/../../../../arm-none-eabi/lib/thumb/v7e-m+fp/hard/crt0.o (memset)
/home/the_3d6/devtools/gcc-arm-none-eabi-8-2018-q4-major/bin/../lib/gcc/arm-none-eabi/8.2.1/../../../../arm-none-eabi/lib/thumb/v7e-m+fp/hard/libc_nano.a(lib_a-vsnprintf.o)
                              build/ubase/urf_uart.c.o (vsnprintf)
/home/the_3d6/devtools/gcc-arm-none-eabi-8-2018-q4-major/bin/../lib/gcc/arm-none-eabi/8.2.1/../../../../arm-none-eabi/lib/thumb/v7e-m+fp/hard/libc_nano.a(lib_a-nano-svfprintf.o)
                              /home/the_3d6/devtools/gcc-arm-none-eabi-8-2018-q4-major/bin/../lib/gcc/arm-none-eabi/8.2.1/../../../../arm-none-eabi/lib/thumb/v7e-m+fp/hard/libc_nano.a(lib_a-vsnprintf.o) (_svfprintf_r)
/home/the_3d6/devtools/gcc-arm-none-eabi-8-2018-q4-major/bin/../lib/gcc/arm-none-eabi/8.2.1/../../../../arm-none-eabi/lib/thumb/v7e-m+fp/hard/libc_nano.a(lib_a-nano-vfprintf_i.o)
                              /home/the_3d6/devtools/gcc-arm-none-eabi-8-2018-q4-major/bin/../lib/gcc/arm-none-eabi/8.2.1/../../../../arm-none-eabi/lib/thumb/v7e-m+fp/hard/libc_nano.a(lib_a-nano-svfprintf.o) (_printf_i)
/home/the_3d6/devtools/gcc-arm-none-eabi-8-2018-q4-major/bin/../lib/gcc/arm-none-eabi/8.2.1/../../../../arm-none-eabi/lib/thumb/v7e-m+fp/hard/libc_nano.a(lib_a-memchr.o)
                              /home/the_3d6/devtools/gcc-arm-none-eabi-8-2018-q4-major/bin/../lib/gcc/arm-none-eabi/8.2.1/../../../../arm-none-eabi/lib/thumb/v7e-m+fp/hard/libc_nano.a(lib_a-nano-svfprintf.o) (memchr)
/home/the_3d6/devtools/gcc-arm-none-eabi-8-2018-q4-major/bin/../lib/gcc/arm-none-eabi/8.2.1/../../../../arm-none-eabi/lib/thumb/v7e-m+fp/hard/libc_nano.a(lib_a-memcpy-stub.o)
                              /home/the_3d6/devtools/gcc-arm-none-eabi-8-2018-q4-major/bin/../lib/gcc/arm-none-eabi/8.2.1/../../../../arm-none-eabi/lib/thumb/v7e-m+fp/hard/libc_nano.a(lib_a-nano-svfprintf.o) (memcpy)
/home/the_3d6/devtools/gcc-arm-none-eabi-8-2018-q4-major/bin/../lib/gcc/arm-none-eabi/8.2.1/../../../../arm-none-eabi/lib/thumb/v7e-m+fp/hard/libc_nano.a(lib_a-memmove.o)
                              /home/the_3d6/devtools/gcc-arm-none-eabi-8-2018-q4-major/bin/../lib/gcc/arm-none-eabi/8.2.1/../../../../arm-none-eabi/lib/thumb/v7e-m+fp/hard/libc_nano.a(lib_a-nano-svfprintf.o) (memmove)
/home/the_3d6/devtools/gcc-arm-none-eabi-8-2018-q4-major/bin/../lib/gcc/arm-none-eabi/8.2.1/../../../../arm-none-eabi/lib/thumb/v7e-m+fp/hard/libc_nano.a(lib_a-nano-freer.o)
                              /home/the_3d6/devtools/gcc-arm-none-eabi-8-2018-q4-major/bin/../lib/gcc/arm-none-eabi/8.2.1/../../../../arm-none-eabi/lib/thumb/v7e-m+fp/hard/libc_nano.a(lib_a-nano-svfprintf.o) (_free_r)
/home/the_3d6/devtools/gcc-arm-none-eabi-8-2018-q4-major/bin/../lib/gcc/arm-none-eabi/8.2.1/../../../../arm-none-eabi/lib/thumb/v7e-m+fp/hard/libc_nano.a(lib_a-nano-mallocr.o)
                              /home/the_3d6/devtools/gcc-arm-none-eabi-8-2018-q4-major/bin/../lib/gcc/arm-none-eabi/8.2.1/../../../../arm-none-eabi/lib/thumb/v7e-m+fp/hard/libc_nano.a(lib_a-nano-svfprintf.o) (_malloc_r)
/home/the_3d6/devtools/gcc-arm-none-eabi-8-2018-q4-major/bin/../lib/gcc/arm-none-eabi/8.2.1/../../../../arm-none-eabi/lib/thumb/v7e-m+fp/hard/libc_nano.a(lib_a-nano-reallocr.o)
                              /home/the_3d6/devtools/gcc-arm-none-eabi-8-2018-q4-major/bin/../lib/gcc/arm-none-eabi/8.2.1/../../../../arm-none-eabi/lib/thumb/v7e-m+fp/hard/libc_nano.a(lib_a-nano-svfprintf.o) (_realloc_r)
/home/the_3d6/devtools/gcc-arm-none-eabi-8-2018-q4-major/bin/../lib/gcc/arm-none-eabi/8.2.1/../../../../arm-none-eabi/lib/thumb/v7e-m+fp/hard/libc_nano.a(lib_a-sbrkr.o)
                              /home/the_3d6/devtools/gcc-arm-none-eabi-8-2018-q4-major/bin/../lib/gcc/arm-none-eabi/8.2.1/../../../../arm-none-eabi/lib/thumb/v7e-m+fp/hard/libc_nano.a(lib_a-nano-mallocr.o) (_sbrk_r)
/home/the_3d6/devtools/gcc-arm-none-eabi-8-2018-q4-major/bin/../lib/gcc/arm-none-eabi/8.2.1/../../../../arm-none-eabi/lib/thumb/v7e-m+fp/hard/libc_nano.a(lib_a-mlock.o)
                              /home/the_3d6/devtools/gcc-arm-none-eabi-8-2018-q4-major/bin/../lib/gcc/arm-none-eabi/8.2.1/../../../../arm-none-eabi/lib/thumb/v7e-m+fp/hard/libc_nano.a(lib_a-nano-freer.o) (__malloc_lock)
/home/the_3d6/devtools/gcc-arm-none-eabi-8-2018-q4-major/bin/../lib/gcc/arm-none-eabi/8.2.1/../../../../arm-none-eabi/lib/thumb/v7e-m+fp/hard/libc_nano.a(lib_a-nano-msizer.o)
                              /home/the_3d6/devtools/gcc-arm-none-eabi-8-2018-q4-major/bin/../lib/gcc/arm-none-eabi/8.2.1/../../../../arm-none-eabi/lib/thumb/v7e-m+fp/hard/libc_nano.a(lib_a-nano-reallocr.o) (_malloc_usable_size_r)
/home/the_3d6/devtools/gcc-arm-none-eabi-8-2018-q4-major/bin/../lib/gcc/arm-none-eabi/8.2.1/../../../../arm-none-eabi/lib/thumb/v7e-m+fp/hard/libc_nano.a(lib_a-reent.o)
                              /home/the_3d6/devtools/gcc-arm-none-eabi-8-2018-q4-major/bin/../lib/gcc/arm-none-eabi/8.2.1/../../../../arm-none-eabi/lib/thumb/v7e-m+fp/hard/libc_nano.a(lib_a-sbrkr.o) (errno)
/home/the_3d6/devtools/gcc-arm-none-eabi-8-2018-q4-major/bin/../lib/gcc/arm-none-eabi/8.2.1/../../../../arm-none-eabi/lib/thumb/v7e-m+fp/hard/libc_nano.a(lib_a-lock.o)
                              /home/the_3d6/devtools/gcc-arm-none-eabi-8-2018-q4-major/bin/../lib/gcc/arm-none-eabi/8.2.1/../../../../arm-none-eabi/lib/thumb/v7e-m+fp/hard/libc_nano.a(lib_a-mlock.o) (__retarget_lock_acquire_recursive)
/home/the_3d6/devtools/gcc-arm-none-eabi-8-2018-q4-major/bin/../lib/gcc/arm-none-eabi/8.2.1/../../../../arm-none-eabi/lib/thumb/v7e-m+fp/hard/libnosys.a(sbrk.o)
                              /home/the_3d6/devtools/gcc-arm-none-eabi-8-2018-q4-major/bin/../lib/gcc/arm-none-eabi/8.2.1/../../../../arm-none-eabi/lib/thumb/v7e-m+fp/hard/libc_nano.a(lib_a-sbrkr.o) (_sbrk)
/home/the_3d6/devtools/gcc-arm-none-eabi-8-2018-q4-major/bin/../lib/gcc/arm-none-eabi/8.2.1/../../../../arm-none-eabi/lib/thumb/v7e-m+fp/hard/libnosys.a(_exit.o)
                              /home/the_3d6/devtools/gcc-arm-none-eabi-8-2018-q4-major/bin/../lib/gcc/arm-none-eabi/8.2.1/../../../../arm-none-eabi/lib/thumb/v7e-m+fp/hard/libc_nano.a(lib_a-exit.o) (_exit)

Allocating common symbols
Common symbol       size              file

led_pin_mask        0xc               build/ubase/udevices_base_main.c.o
in_pack             0x100             build/ubase/urf_star_protocol.c.o
__lock___atexit_recursive_mutex
                    0x1               /home/the_3d6/devtools/gcc-arm-none-eabi-8-2018-q4-major/bin/../lib/gcc/arm-none-eabi/8.2.1/../../../../arm-none-eabi/lib/thumb/v7e-m+fp/hard/libc_nano.a(lib_a-lock.o)
__lock___arc4random_mutex
                    0x1               /home/the_3d6/devtools/gcc-arm-none-eabi-8-2018-q4-major/bin/../lib/gcc/arm-none-eabi/8.2.1/../../../../arm-none-eabi/lib/thumb/v7e-m+fp/hard/libc_nano.a(lib_a-lock.o)
led_pins            0x3               build/ubase/udevices_base_main.c.o
leds_pwm            0x3               build/ubase/leds.c.o
resp_crc_fail       0x20              build/ubase/urf_radio.c.o
buf_pack            0x100             build/ubase/urf_star_protocol.c.o
errno               0x4               /home/the_3d6/devtools/gcc-arm-none-eabi-8-2018-q4-major/bin/../lib/gcc/arm-none-eabi/8.2.1/../../../../arm-none-eabi/lib/thumb/v7e-m+fp/hard/libc_nano.a(lib_a-reent.o)
uart_buf_tx         0x212             build/ubase/urf_uart.c.o
node_list           0x100             build/ubase/urf_star_protocol.c.o
cycle_packet        0x104             build/ubase/udevices_base_main.c.o
__lock___env_recursive_mutex
                    0x1               /home/the_3d6/devtools/gcc-arm-none-eabi-8-2018-q4-major/bin/../lib/gcc/arm-none-eabi/8.2.1/../../../../arm-none-eabi/lib/thumb/v7e-m+fp/hard/libc_nano.a(lib_a-lock.o)
__lock___sinit_recursive_mutex
                    0x1               /home/the_3d6/devtools/gcc-arm-none-eabi-8-2018-q4-major/bin/../lib/gcc/arm-none-eabi/8.2.1/../../../../arm-none-eabi/lib/thumb/v7e-m+fp/hard/libc_nano.a(lib_a-lock.o)
node_active         0x100             build/ubase/urf_star_protocol.c.o
__lock___malloc_recursive_mutex
                    0x1               /home/the_3d6/devtools/gcc-arm-none-eabi-8-2018-q4-major/bin/../lib/gcc/arm-none-eabi/8.2.1/../../../../arm-none-eabi/lib/thumb/v7e-m+fp/hard/libc_nano.a(lib_a-lock.o)
data_packet         0x104             build/ubase/udevices_base_main.c.o
cur_out_pack        0x100             build/ubase/urf_star_protocol.c.o
sync_packet         0x104             build/ubase/udevices_base_main.c.o
pwm_seq             0x10              build/ubase/leds.c.o
uart_buf_rx         0x122             build/ubase/urf_uart.c.o
resp_crc_ok         0x20              build/ubase/urf_radio.c.o
umsg                0x100             build/ubase/urf_uart.c.o
tx_packet           0x100             build/ubase/urf_radio.c.o
uart_buf_length     0x4               build/ubase/udevices_base_main.c.o
__lock___at_quick_exit_mutex
                    0x1               /home/the_3d6/devtools/gcc-arm-none-eabi-8-2018-q4-major/bin/../lib/gcc/arm-none-eabi/8.2.1/../../../../arm-none-eabi/lib/thumb/v7e-m+fp/hard/libc_nano.a(lib_a-lock.o)
rx_packet           0x100             build/ubase/urf_radio.c.o
__lock___dd_hash_mutex
                    0x1               /home/the_3d6/devtools/gcc-arm-none-eabi-8-2018-q4-major/bin/../lib/gcc/arm-none-eabi/8.2.1/../../../../arm-none-eabi/lib/thumb/v7e-m+fp/hard/libc_nano.a(lib_a-lock.o)
__lock___tz_mutex   0x1               /home/the_3d6/devtools/gcc-arm-none-eabi-8-2018-q4-major/bin/../lib/gcc/arm-none-eabi/8.2.1/../../../../arm-none-eabi/lib/thumb/v7e-m+fp/hard/libc_nano.a(lib_a-lock.o)
pack_payload        0x4               build/ubase/urf_radio.c.o
__lock___sfp_recursive_mutex
                    0x1               /home/the_3d6/devtools/gcc-arm-none-eabi-8-2018-q4-major/bin/../lib/gcc/arm-none-eabi/8.2.1/../../../../arm-none-eabi/lib/thumb/v7e-m+fp/hard/libc_nano.a(lib_a-lock.o)
node_pack_id        0x40              build/ubase/urf_star_protocol.c.o

Discarded input sections

 .text          0x0000000000000000        0x0 /home/the_3d6/devtools/gcc-arm-none-eabi-8-2018-q4-major/bin/../lib/gcc/arm-none-eabi/8.2.1/thumb/v7e-m+fp/hard/crti.o
 .data          0x0000000000000000        0x0 /home/the_3d6/devtools/gcc-arm-none-eabi-8-2018-q4-major/bin/../lib/gcc/arm-none-eabi/8.2.1/thumb/v7e-m+fp/hard/crti.o
 .bss           0x0000000000000000        0x0 /home/the_3d6/devtools/gcc-arm-none-eabi-8-2018-q4-major/bin/../lib/gcc/arm-none-eabi/8.2.1/thumb/v7e-m+fp/hard/crti.o
 .data          0x0000000000000000        0x4 /home/the_3d6/devtools/gcc-arm-none-eabi-8-2018-q4-major/bin/../lib/gcc/arm-none-eabi/8.2.1/thumb/v7e-m+fp/hard/crtbegin.o
 .data          0x0000000000000000        0x0 /home/the_3d6/devtools/gcc-arm-none-eabi-8-2018-q4-major/bin/../lib/gcc/arm-none-eabi/8.2.1/../../../../arm-none-eabi/lib/thumb/v7e-m+fp/hard/crt0.o
 .bss           0x0000000000000000        0x0 /home/the_3d6/devtools/gcc-arm-none-eabi-8-2018-q4-major/bin/../lib/gcc/arm-none-eabi/8.2.1/../../../../arm-none-eabi/lib/thumb/v7e-m+fp/hard/crt0.o
 .ARM.extab     0x0000000000000000        0x0 /home/the_3d6/devtools/gcc-arm-none-eabi-8-2018-q4-major/bin/../lib/gcc/arm-none-eabi/8.2.1/../../../../arm-none-eabi/lib/thumb/v7e-m+fp/hard/crt0.o
 .text          0x0000000000000000        0x0 build/ubase/udevices_base_main.c.o
 .data          0x0000000000000000        0x0 build/ubase/udevices_base_main.c.o
 .bss           0x0000000000000000        0x0 build/ubase/udevices_base_main.c.o
 .text.fast_clock_start
                0x0000000000000000       0x1c build/ubase/udevices_base_main.c.o
 .text.slow_clock_start
                0x0000000000000000       0x1c build/ubase/udevices_base_main.c.o
 .text.fast_clock_stop
                0x0000000000000000       0x20 build/ubase/udevices_base_main.c.o
 .bss.ble_timed
                0x0000000000000000        0x1 build/ubase/udevices_base_main.c.o
 .bss.cycle_id  0x0000000000000000        0x2 build/ubase/udevices_base_main.c.o
 .data.data_packet_len
                0x0000000000000000        0x4 build/ubase/udevices_base_main.c.o
 .data.pin_led1
                0x0000000000000000        0x1 build/ubase/udevices_base_main.c.o
 .data.pin_led2
                0x0000000000000000        0x1 build/ubase/udevices_base_main.c.o
 .data.pin_led3
                0x0000000000000000        0x1 build/ubase/udevices_base_main.c.o
 .data.sync_packet_len
                0x0000000000000000        0x4 build/ubase/udevices_base_main.c.o
 .text          0x0000000000000000        0x0 build/ubase/leds.c.o
 .data          0x0000000000000000        0x0 build/ubase/leds.c.o
 .bss           0x0000000000000000        0x0 build/ubase/leds.c.o
 .text.start_leds_pwm
                0x0000000000000000       0xa8 build/ubase/leds.c.o
 .text.leds_start_pwm_timer
                0x0000000000000000       0x40 build/ubase/leds.c.o
 .text.leds_pause_pwm
                0x0000000000000000       0x10 build/ubase/leds.c.o
 .text.leds_resume_pwm
                0x0000000000000000       0x10 build/ubase/leds.c.o
 .text.leds_stop_pwm_timer
                0x0000000000000000        0xc build/ubase/leds.c.o
 .text.leds_powerup_pwm_timer
                0x0000000000000000        0xc build/ubase/leds.c.o
 .data.led_pwm_vals
                0x0000000000000000        0xc build/ubase/leds.c.o
 .text          0x0000000000000000        0x0 build/ubase/urf_radio.c.o
 .data          0x0000000000000000        0x0 build/ubase/urf_radio.c.o
 .bss           0x0000000000000000        0x0 build/ubase/urf_radio.c.o
 .text.rf_disable
                0x0000000000000000       0x50 build/ubase/urf_radio.c.o
 .text.rf_init_ext
                0x0000000000000000      0x110 build/ubase/urf_radio.c.o
 .text.rf_mode_rx_only
                0x0000000000000000       0x84 build/ubase/urf_radio.c.o
 .text.rf_mode_tx_only
                0x0000000000000000       0x90 build/ubase/urf_radio.c.o
 .text.rf_send  0x0000000000000000      0x118 build/ubase/urf_radio.c.o
 .text.rf_autorespond_on
                0x0000000000000000      0x1b0 build/ubase/urf_radio.c.o
 .text.rf_autorespond_off
                0x0000000000000000        0xc build/ubase/urf_radio.c.o
 .text.rf_override_irq
                0x0000000000000000        0xc build/ubase/urf_radio.c.o
 .text.rf_attach_rx_irq
                0x0000000000000000        0xc build/ubase/urf_radio.c.o
 .text.rf_dettach_rx_irq
                0x0000000000000000        0xc build/ubase/urf_radio.c.o
 .text.rf_attach_tx_irq
                0x0000000000000000        0xc build/ubase/urf_radio.c.o
 .text.rf_dettach_tx_irq
                0x0000000000000000        0xc build/ubase/urf_radio.c.o
 .text.rf_clear_events
                0x0000000000000000       0x40 build/ubase/urf_radio.c.o
 .text.rf_get_ack_state
                0x0000000000000000        0xc build/ubase/urf_radio.c.o
 .text          0x0000000000000000        0x0 build/ubase/urf_timer.c.o
 .data          0x0000000000000000        0x0 build/ubase/urf_timer.c.o
 .bss           0x0000000000000000        0x0 build/ubase/urf_timer.c.o
 .text.time_pause
                0x0000000000000000       0x1c build/ubase/urf_timer.c.o
 .text.time_resume
                0x0000000000000000       0x18 build/ubase/urf_timer.c.o
 .text.time_stop
                0x0000000000000000       0x28 build/ubase/urf_timer.c.o
 .text.micros_count
                0x0000000000000000        0xc build/ubase/urf_timer.c.o
 .text.seconds  0x0000000000000000        0xc build/ubase/urf_timer.c.o
 .text.schedule_event
                0x0000000000000000       0x74 build/ubase/urf_timer.c.o
 .text.schedule_event_delayed
                0x0000000000000000       0x7c build/ubase/urf_timer.c.o
 .text.schedule_subevent
                0x0000000000000000       0x2c build/ubase/urf_timer.c.o
 .text.schedule_event_stop
                0x0000000000000000        0xc build/ubase/urf_timer.c.o
 .text.schedule_event_adjust
                0x0000000000000000       0x14 build/ubase/urf_timer.c.o
 .text.time_adjust
                0x0000000000000000       0x40 build/ubase/urf_timer.c.o
 .text.delay_mcs
                0x0000000000000000       0x4c build/ubase/urf_timer.c.o
 .bss.phase     0x0000000000000000        0x1 build/ubase/urf_timer.c.o
 .bss.timed_event_repeat
                0x0000000000000000        0x4 build/ubase/urf_timer.c.o
 .text          0x0000000000000000        0x0 build/ubase/urf_uart.c.o
 .data          0x0000000000000000        0x0 build/ubase/urf_uart.c.o
 .bss           0x0000000000000000        0x0 build/ubase/urf_uart.c.o
 .text.uart_shutdown
                0x0000000000000000       0x28 build/ubase/urf_uart.c.o
 .text.uprintf  0x0000000000000000       0x84 build/ubase/urf_uart.c.o
 .text.uhex_print
                0x0000000000000000       0xf4 build/ubase/urf_uart.c.o
 .text          0x0000000000000000        0x0 build/ubase/urf_star_protocol.c.o
 .data          0x0000000000000000        0x0 build/ubase/urf_star_protocol.c.o
 .bss           0x0000000000000000        0x0 build/ubase/urf_star_protocol.c.o
 .text.star_set_id
                0x0000000000000000        0xc build/ubase/urf_star_protocol.c.o
 .text.add_node
                0x0000000000000000       0x50 build/ubase/urf_star_protocol.c.o
 .text.update_node_list
                0x0000000000000000      0x118 build/ubase/urf_star_protocol.c.o
 .bss.last_pack_sent
                0x0000000000000000        0x4 build/ubase/urf_star_protocol.c.o
 .data.no_sync_timeout
                0x0000000000000000        0x4 build/ubase/urf_star_protocol.c.o
 .data.nonstar_send_interval_mcs
                0x0000000000000000        0x4 build/ubase/urf_star_protocol.c.o
 .data          0x0000000000000000        0x0 build/ubase/gcc_startup_nrf52.S.o
 .bss           0x0000000000000000        0x0 build/ubase/gcc_startup_nrf52.S.o
 .text          0x0000000000000000        0x0 build/ubase/system_nrf52.c.o
 .data          0x0000000000000000        0x0 build/ubase/system_nrf52.c.o
 .bss           0x0000000000000000        0x0 build/ubase/system_nrf52.c.o
 .text.SystemCoreClockUpdate
                0x0000000000000000       0x10 build/ubase/system_nrf52.c.o
 .text          0x0000000000000000        0x0 /home/the_3d6/devtools/gcc-arm-none-eabi-8-2018-q4-major/bin/../lib/gcc/arm-none-eabi/8.2.1/../../../../arm-none-eabi/lib/thumb/v7e-m+fp/hard/libc_nano.a(lib_a-exit.o)
 .data          0x0000000000000000        0x0 /home/the_3d6/devtools/gcc-arm-none-eabi-8-2018-q4-major/bin/../lib/gcc/arm-none-eabi/8.2.1/../../../../arm-none-eabi/lib/thumb/v7e-m+fp/hard/libc_nano.a(lib_a-exit.o)
 .bss           0x0000000000000000        0x0 /home/the_3d6/devtools/gcc-arm-none-eabi-8-2018-q4-major/bin/../lib/gcc/arm-none-eabi/8.2.1/../../../../arm-none-eabi/lib/thumb/v7e-m+fp/hard/libc_nano.a(lib_a-exit.o)
 .text          0x0000000000000000        0x0 /home/the_3d6/devtools/gcc-arm-none-eabi-8-2018-q4-major/bin/../lib/gcc/arm-none-eabi/8.2.1/../../../../arm-none-eabi/lib/thumb/v7e-m+fp/hard/libc_nano.a(lib_a-impure.o)
 .data          0x0000000000000000        0x0 /home/the_3d6/devtools/gcc-arm-none-eabi-8-2018-q4-major/bin/../lib/gcc/arm-none-eabi/8.2.1/../../../../arm-none-eabi/lib/thumb/v7e-m+fp/hard/libc_nano.a(lib_a-impure.o)
 .bss           0x0000000000000000        0x0 /home/the_3d6/devtools/gcc-arm-none-eabi-8-2018-q4-major/bin/../lib/gcc/arm-none-eabi/8.2.1/../../../../arm-none-eabi/lib/thumb/v7e-m+fp/hard/libc_nano.a(lib_a-impure.o)
 .data._impure_ptr
                0x0000000000000000        0x4 /home/the_3d6/devtools/gcc-arm-none-eabi-8-2018-q4-major/bin/../lib/gcc/arm-none-eabi/8.2.1/../../../../arm-none-eabi/lib/thumb/v7e-m+fp/hard/libc_nano.a(lib_a-impure.o)
 .text          0x0000000000000000        0x0 /home/the_3d6/devtools/gcc-arm-none-eabi-8-2018-q4-major/bin/../lib/gcc/arm-none-eabi/8.2.1/../../../../arm-none-eabi/lib/thumb/v7e-m+fp/hard/libc_nano.a(lib_a-init.o)
 .data          0x0000000000000000        0x0 /home/the_3d6/devtools/gcc-arm-none-eabi-8-2018-q4-major/bin/../lib/gcc/arm-none-eabi/8.2.1/../../../../arm-none-eabi/lib/thumb/v7e-m+fp/hard/libc_nano.a(lib_a-init.o)
 .bss           0x0000000000000000        0x0 /home/the_3d6/devtools/gcc-arm-none-eabi-8-2018-q4-major/bin/../lib/gcc/arm-none-eabi/8.2.1/../../../../arm-none-eabi/lib/thumb/v7e-m+fp/hard/libc_nano.a(lib_a-init.o)
 .text          0x0000000000000000        0x0 /home/the_3d6/devtools/gcc-arm-none-eabi-8-2018-q4-major/bin/../lib/gcc/arm-none-eabi/8.2.1/../../../../arm-none-eabi/lib/thumb/v7e-m+fp/hard/libc_nano.a(lib_a-memset.o)
 .data          0x0000000000000000        0x0 /home/the_3d6/devtools/gcc-arm-none-eabi-8-2018-q4-major/bin/../lib/gcc/arm-none-eabi/8.2.1/../../../../arm-none-eabi/lib/thumb/v7e-m+fp/hard/libc_nano.a(lib_a-memset.o)
 .bss           0x0000000000000000        0x0 /home/the_3d6/devtools/gcc-arm-none-eabi-8-2018-q4-major/bin/../lib/gcc/arm-none-eabi/8.2.1/../../../../arm-none-eabi/lib/thumb/v7e-m+fp/hard/libc_nano.a(lib_a-memset.o)
 .text          0x0000000000000000        0x0 /home/the_3d6/devtools/gcc-arm-none-eabi-8-2018-q4-major/bin/../lib/gcc/arm-none-eabi/8.2.1/../../../../arm-none-eabi/lib/thumb/v7e-m+fp/hard/libc_nano.a(lib_a-vsnprintf.o)
 .data          0x0000000000000000        0x0 /home/the_3d6/devtools/gcc-arm-none-eabi-8-2018-q4-major/bin/../lib/gcc/arm-none-eabi/8.2.1/../../../../arm-none-eabi/lib/thumb/v7e-m+fp/hard/libc_nano.a(lib_a-vsnprintf.o)
 .bss           0x0000000000000000        0x0 /home/the_3d6/devtools/gcc-arm-none-eabi-8-2018-q4-major/bin/../lib/gcc/arm-none-eabi/8.2.1/../../../../arm-none-eabi/lib/thumb/v7e-m+fp/hard/libc_nano.a(lib_a-vsnprintf.o)
 .text._vsnprintf_r
                0x0000000000000000       0x58 /home/the_3d6/devtools/gcc-arm-none-eabi-8-2018-q4-major/bin/../lib/gcc/arm-none-eabi/8.2.1/../../../../arm-none-eabi/lib/thumb/v7e-m+fp/hard/libc_nano.a(lib_a-vsnprintf.o)
 .text.vsnprintf
                0x0000000000000000       0x1c /home/the_3d6/devtools/gcc-arm-none-eabi-8-2018-q4-major/bin/../lib/gcc/arm-none-eabi/8.2.1/../../../../arm-none-eabi/lib/thumb/v7e-m+fp/hard/libc_nano.a(lib_a-vsnprintf.o)
 .debug_frame   0x0000000000000000       0x4c /home/the_3d6/devtools/gcc-arm-none-eabi-8-2018-q4-major/bin/../lib/gcc/arm-none-eabi/8.2.1/../../../../arm-none-eabi/lib/thumb/v7e-m+fp/hard/libc_nano.a(lib_a-vsnprintf.o)
 .ARM.attributes
                0x0000000000000000       0x34 /home/the_3d6/devtools/gcc-arm-none-eabi-8-2018-q4-major/bin/../lib/gcc/arm-none-eabi/8.2.1/../../../../arm-none-eabi/lib/thumb/v7e-m+fp/hard/libc_nano.a(lib_a-vsnprintf.o)
 .text          0x0000000000000000        0x0 /home/the_3d6/devtools/gcc-arm-none-eabi-8-2018-q4-major/bin/../lib/gcc/arm-none-eabi/8.2.1/../../../../arm-none-eabi/lib/thumb/v7e-m+fp/hard/libc_nano.a(lib_a-nano-svfprintf.o)
 .data          0x0000000000000000        0x0 /home/the_3d6/devtools/gcc-arm-none-eabi-8-2018-q4-major/bin/../lib/gcc/arm-none-eabi/8.2.1/../../../../arm-none-eabi/lib/thumb/v7e-m+fp/hard/libc_nano.a(lib_a-nano-svfprintf.o)
 .bss           0x0000000000000000        0x0 /home/the_3d6/devtools/gcc-arm-none-eabi-8-2018-q4-major/bin/../lib/gcc/arm-none-eabi/8.2.1/../../../../arm-none-eabi/lib/thumb/v7e-m+fp/hard/libc_nano.a(lib_a-nano-svfprintf.o)
 .text.__ssputs_r
                0x0000000000000000       0xb6 /home/the_3d6/devtools/gcc-arm-none-eabi-8-2018-q4-major/bin/../lib/gcc/arm-none-eabi/8.2.1/../../../../arm-none-eabi/lib/thumb/v7e-m+fp/hard/libc_nano.a(lib_a-nano-svfprintf.o)
 .text.__ssprint_r
                0x0000000000000000       0xf0 /home/the_3d6/devtools/gcc-arm-none-eabi-8-2018-q4-major/bin/../lib/gcc/arm-none-eabi/8.2.1/../../../../arm-none-eabi/lib/thumb/v7e-m+fp/hard/libc_nano.a(lib_a-nano-svfprintf.o)
 .text._svfprintf_r
                0x0000000000000000      0x1f0 /home/the_3d6/devtools/gcc-arm-none-eabi-8-2018-q4-major/bin/../lib/gcc/arm-none-eabi/8.2.1/../../../../arm-none-eabi/lib/thumb/v7e-m+fp/hard/libc_nano.a(lib_a-nano-svfprintf.o)
 .rodata._svfprintf_r.str1.1
                0x0000000000000000       0x11 /home/the_3d6/devtools/gcc-arm-none-eabi-8-2018-q4-major/bin/../lib/gcc/arm-none-eabi/8.2.1/../../../../arm-none-eabi/lib/thumb/v7e-m+fp/hard/libc_nano.a(lib_a-nano-svfprintf.o)
 .debug_frame   0x0000000000000000       0x90 /home/the_3d6/devtools/gcc-arm-none-eabi-8-2018-q4-major/bin/../lib/gcc/arm-none-eabi/8.2.1/../../../../arm-none-eabi/lib/thumb/v7e-m+fp/hard/libc_nano.a(lib_a-nano-svfprintf.o)
 .ARM.attributes
                0x0000000000000000       0x34 /home/the_3d6/devtools/gcc-arm-none-eabi-8-2018-q4-major/bin/../lib/gcc/arm-none-eabi/8.2.1/../../../../arm-none-eabi/lib/thumb/v7e-m+fp/hard/libc_nano.a(lib_a-nano-svfprintf.o)
 .text          0x0000000000000000        0x0 /home/the_3d6/devtools/gcc-arm-none-eabi-8-2018-q4-major/bin/../lib/gcc/arm-none-eabi/8.2.1/../../../../arm-none-eabi/lib/thumb/v7e-m+fp/hard/libc_nano.a(lib_a-nano-vfprintf_i.o)
 .data          0x0000000000000000        0x0 /home/the_3d6/devtools/gcc-arm-none-eabi-8-2018-q4-major/bin/../lib/gcc/arm-none-eabi/8.2.1/../../../../arm-none-eabi/lib/thumb/v7e-m+fp/hard/libc_nano.a(lib_a-nano-vfprintf_i.o)
 .bss           0x0000000000000000        0x0 /home/the_3d6/devtools/gcc-arm-none-eabi-8-2018-q4-major/bin/../lib/gcc/arm-none-eabi/8.2.1/../../../../arm-none-eabi/lib/thumb/v7e-m+fp/hard/libc_nano.a(lib_a-nano-vfprintf_i.o)
 .text._printf_common
                0x0000000000000000       0xea /home/the_3d6/devtools/gcc-arm-none-eabi-8-2018-q4-major/bin/../lib/gcc/arm-none-eabi/8.2.1/../../../../arm-none-eabi/lib/thumb/v7e-m+fp/hard/libc_nano.a(lib_a-nano-vfprintf_i.o)
 .text._printf_i
                0x0000000000000000      0x228 /home/the_3d6/devtools/gcc-arm-none-eabi-8-2018-q4-major/bin/../lib/gcc/arm-none-eabi/8.2.1/../../../../arm-none-eabi/lib/thumb/v7e-m+fp/hard/libc_nano.a(lib_a-nano-vfprintf_i.o)
 .rodata._printf_i.str1.1
                0x0000000000000000       0x22 /home/the_3d6/devtools/gcc-arm-none-eabi-8-2018-q4-major/bin/../lib/gcc/arm-none-eabi/8.2.1/../../../../arm-none-eabi/lib/thumb/v7e-m+fp/hard/libc_nano.a(lib_a-nano-vfprintf_i.o)
 .debug_frame   0x0000000000000000       0x60 /home/the_3d6/devtools/gcc-arm-none-eabi-8-2018-q4-major/bin/../lib/gcc/arm-none-eabi/8.2.1/../../../../arm-none-eabi/lib/thumb/v7e-m+fp/hard/libc_nano.a(lib_a-nano-vfprintf_i.o)
 .ARM.attributes
                0x0000000000000000       0x34 /home/the_3d6/devtools/gcc-arm-none-eabi-8-2018-q4-major/bin/../lib/gcc/arm-none-eabi/8.2.1/../../../../arm-none-eabi/lib/thumb/v7e-m+fp/hard/libc_nano.a(lib_a-nano-vfprintf_i.o)
 .text          0x0000000000000000       0xa0 /home/the_3d6/devtools/gcc-arm-none-eabi-8-2018-q4-major/bin/../lib/gcc/arm-none-eabi/8.2.1/../../../../arm-none-eabi/lib/thumb/v7e-m+fp/hard/libc_nano.a(lib_a-memchr.o)
 .data          0x0000000000000000        0x0 /home/the_3d6/devtools/gcc-arm-none-eabi-8-2018-q4-major/bin/../lib/gcc/arm-none-eabi/8.2.1/../../../../arm-none-eabi/lib/thumb/v7e-m+fp/hard/libc_nano.a(lib_a-memchr.o)
 .bss           0x0000000000000000        0x0 /home/the_3d6/devtools/gcc-arm-none-eabi-8-2018-q4-major/bin/../lib/gcc/arm-none-eabi/8.2.1/../../../../arm-none-eabi/lib/thumb/v7e-m+fp/hard/libc_nano.a(lib_a-memchr.o)
 .ARM.attributes
                0x0000000000000000       0x1c /home/the_3d6/devtools/gcc-arm-none-eabi-8-2018-q4-major/bin/../lib/gcc/arm-none-eabi/8.2.1/../../../../arm-none-eabi/lib/thumb/v7e-m+fp/hard/libc_nano.a(lib_a-memchr.o)
 .text          0x0000000000000000        0x0 /home/the_3d6/devtools/gcc-arm-none-eabi-8-2018-q4-major/bin/../lib/gcc/arm-none-eabi/8.2.1/../../../../arm-none-eabi/lib/thumb/v7e-m+fp/hard/libc_nano.a(lib_a-memcpy-stub.o)
 .data          0x0000000000000000        0x0 /home/the_3d6/devtools/gcc-arm-none-eabi-8-2018-q4-major/bin/../lib/gcc/arm-none-eabi/8.2.1/../../../../arm-none-eabi/lib/thumb/v7e-m+fp/hard/libc_nano.a(lib_a-memcpy-stub.o)
 .bss           0x0000000000000000        0x0 /home/the_3d6/devtools/gcc-arm-none-eabi-8-2018-q4-major/bin/../lib/gcc/arm-none-eabi/8.2.1/../../../../arm-none-eabi/lib/thumb/v7e-m+fp/hard/libc_nano.a(lib_a-memcpy-stub.o)
 .text.memcpy   0x0000000000000000       0x1c /home/the_3d6/devtools/gcc-arm-none-eabi-8-2018-q4-major/bin/../lib/gcc/arm-none-eabi/8.2.1/../../../../arm-none-eabi/lib/thumb/v7e-m+fp/hard/libc_nano.a(lib_a-memcpy-stub.o)
 .debug_frame   0x0000000000000000       0x28 /home/the_3d6/devtools/gcc-arm-none-eabi-8-2018-q4-major/bin/../lib/gcc/arm-none-eabi/8.2.1/../../../../arm-none-eabi/lib/thumb/v7e-m+fp/hard/libc_nano.a(lib_a-memcpy-stub.o)
 .ARM.attributes
                0x0000000000000000       0x34 /home/the_3d6/devtools/gcc-arm-none-eabi-8-2018-q4-major/bin/../lib/gcc/arm-none-eabi/8.2.1/../../../../arm-none-eabi/lib/thumb/v7e-m+fp/hard/libc_nano.a(lib_a-memcpy-stub.o)
 .text          0x0000000000000000        0x0 /home/the_3d6/devtools/gcc-arm-none-eabi-8-2018-q4-major/bin/../lib/gcc/arm-none-eabi/8.2.1/../../../../arm-none-eabi/lib/thumb/v7e-m+fp/hard/libc_nano.a(lib_a-memmove.o)
 .data          0x0000000000000000        0x0 /home/the_3d6/devtools/gcc-arm-none-eabi-8-2018-q4-major/bin/../lib/gcc/arm-none-eabi/8.2.1/../../../../arm-none-eabi/lib/thumb/v7e-m+fp/hard/libc_nano.a(lib_a-memmove.o)
 .bss           0x0000000000000000        0x0 /home/the_3d6/devtools/gcc-arm-none-eabi-8-2018-q4-major/bin/../lib/gcc/arm-none-eabi/8.2.1/../../../../arm-none-eabi/lib/thumb/v7e-m+fp/hard/libc_nano.a(lib_a-memmove.o)
 .text.memmove  0x0000000000000000       0x34 /home/the_3d6/devtools/gcc-arm-none-eabi-8-2018-q4-major/bin/../lib/gcc/arm-none-eabi/8.2.1/../../../../arm-none-eabi/lib/thumb/v7e-m+fp/hard/libc_nano.a(lib_a-memmove.o)
 .debug_frame   0x0000000000000000       0x28 /home/the_3d6/devtools/gcc-arm-none-eabi-8-2018-q4-major/bin/../lib/gcc/arm-none-eabi/8.2.1/../../../../arm-none-eabi/lib/thumb/v7e-m+fp/hard/libc_nano.a(lib_a-memmove.o)
 .ARM.attributes
                0x0000000000000000       0x34 /home/the_3d6/devtools/gcc-arm-none-eabi-8-2018-q4-major/bin/../lib/gcc/arm-none-eabi/8.2.1/../../../../arm-none-eabi/lib/thumb/v7e-m+fp/hard/libc_nano.a(lib_a-memmove.o)
 .text          0x0000000000000000        0x0 /home/the_3d6/devtools/gcc-arm-none-eabi-8-2018-q4-major/bin/../lib/gcc/arm-none-eabi/8.2.1/../../../../arm-none-eabi/lib/thumb/v7e-m+fp/hard/libc_nano.a(lib_a-nano-freer.o)
 .data          0x0000000000000000        0x0 /home/the_3d6/devtools/gcc-arm-none-eabi-8-2018-q4-major/bin/../lib/gcc/arm-none-eabi/8.2.1/../../../../arm-none-eabi/lib/thumb/v7e-m+fp/hard/libc_nano.a(lib_a-nano-freer.o)
 .bss           0x0000000000000000        0x0 /home/the_3d6/devtools/gcc-arm-none-eabi-8-2018-q4-major/bin/../lib/gcc/arm-none-eabi/8.2.1/../../../../arm-none-eabi/lib/thumb/v7e-m+fp/hard/libc_nano.a(lib_a-nano-freer.o)
 .text._free_r  0x0000000000000000       0x9c /home/the_3d6/devtools/gcc-arm-none-eabi-8-2018-q4-major/bin/../lib/gcc/arm-none-eabi/8.2.1/../../../../arm-none-eabi/lib/thumb/v7e-m+fp/hard/libc_nano.a(lib_a-nano-freer.o)
 .debug_frame   0x0000000000000000       0x38 /home/the_3d6/devtools/gcc-arm-none-eabi-8-2018-q4-major/bin/../lib/gcc/arm-none-eabi/8.2.1/../../../../arm-none-eabi/lib/thumb/v7e-m+fp/hard/libc_nano.a(lib_a-nano-freer.o)
 .ARM.attributes
                0x0000000000000000       0x34 /home/the_3d6/devtools/gcc-arm-none-eabi-8-2018-q4-major/bin/../lib/gcc/arm-none-eabi/8.2.1/../../../../arm-none-eabi/lib/thumb/v7e-m+fp/hard/libc_nano.a(lib_a-nano-freer.o)
 .text          0x0000000000000000        0x0 /home/the_3d6/devtools/gcc-arm-none-eabi-8-2018-q4-major/bin/../lib/gcc/arm-none-eabi/8.2.1/../../../../arm-none-eabi/lib/thumb/v7e-m+fp/hard/libc_nano.a(lib_a-nano-mallocr.o)
 .data          0x0000000000000000        0x0 /home/the_3d6/devtools/gcc-arm-none-eabi-8-2018-q4-major/bin/../lib/gcc/arm-none-eabi/8.2.1/../../../../arm-none-eabi/lib/thumb/v7e-m+fp/hard/libc_nano.a(lib_a-nano-mallocr.o)
 .bss           0x0000000000000000        0x0 /home/the_3d6/devtools/gcc-arm-none-eabi-8-2018-q4-major/bin/../lib/gcc/arm-none-eabi/8.2.1/../../../../arm-none-eabi/lib/thumb/v7e-m+fp/hard/libc_nano.a(lib_a-nano-mallocr.o)
 .text._malloc_r
                0x0000000000000000       0xb4 /home/the_3d6/devtools/gcc-arm-none-eabi-8-2018-q4-major/bin/../lib/gcc/arm-none-eabi/8.2.1/../../../../arm-none-eabi/lib/thumb/v7e-m+fp/hard/libc_nano.a(lib_a-nano-mallocr.o)
 .bss.__malloc_free_list
                0x0000000000000000        0x4 /home/the_3d6/devtools/gcc-arm-none-eabi-8-2018-q4-major/bin/../lib/gcc/arm-none-eabi/8.2.1/../../../../arm-none-eabi/lib/thumb/v7e-m+fp/hard/libc_nano.a(lib_a-nano-mallocr.o)
 .bss.__malloc_sbrk_start
                0x0000000000000000        0x4 /home/the_3d6/devtools/gcc-arm-none-eabi-8-2018-q4-major/bin/../lib/gcc/arm-none-eabi/8.2.1/../../../../arm-none-eabi/lib/thumb/v7e-m+fp/hard/libc_nano.a(lib_a-nano-mallocr.o)
 .debug_frame   0x0000000000000000       0x30 /home/the_3d6/devtools/gcc-arm-none-eabi-8-2018-q4-major/bin/../lib/gcc/arm-none-eabi/8.2.1/../../../../arm-none-eabi/lib/thumb/v7e-m+fp/hard/libc_nano.a(lib_a-nano-mallocr.o)
 .ARM.attributes
                0x0000000000000000       0x34 /home/the_3d6/devtools/gcc-arm-none-eabi-8-2018-q4-major/bin/../lib/gcc/arm-none-eabi/8.2.1/../../../../arm-none-eabi/lib/thumb/v7e-m+fp/hard/libc_nano.a(lib_a-nano-mallocr.o)
 .text          0x0000000000000000        0x0 /home/the_3d6/devtools/gcc-arm-none-eabi-8-2018-q4-major/bin/../lib/gcc/arm-none-eabi/8.2.1/../../../../arm-none-eabi/lib/thumb/v7e-m+fp/hard/libc_nano.a(lib_a-nano-reallocr.o)
 .data          0x0000000000000000        0x0 /home/the_3d6/devtools/gcc-arm-none-eabi-8-2018-q4-major/bin/../lib/gcc/arm-none-eabi/8.2.1/../../../../arm-none-eabi/lib/thumb/v7e-m+fp/hard/libc_nano.a(lib_a-nano-reallocr.o)
 .bss           0x0000000000000000        0x0 /home/the_3d6/devtools/gcc-arm-none-eabi-8-2018-q4-major/bin/../lib/gcc/arm-none-eabi/8.2.1/../../../../arm-none-eabi/lib/thumb/v7e-m+fp/hard/libc_nano.a(lib_a-nano-reallocr.o)
 .text._realloc_r
                0x0000000000000000       0x4c /home/the_3d6/devtools/gcc-arm-none-eabi-8-2018-q4-major/bin/../lib/gcc/arm-none-eabi/8.2.1/../../../../arm-none-eabi/lib/thumb/v7e-m+fp/hard/libc_nano.a(lib_a-nano-reallocr.o)
 .debug_frame   0x0000000000000000       0x3c /home/the_3d6/devtools/gcc-arm-none-eabi-8-2018-q4-major/bin/../lib/gcc/arm-none-eabi/8.2.1/../../../../arm-none-eabi/lib/thumb/v7e-m+fp/hard/libc_nano.a(lib_a-nano-reallocr.o)
 .ARM.attributes
                0x0000000000000000       0x34 /home/the_3d6/devtools/gcc-arm-none-eabi-8-2018-q4-major/bin/../lib/gcc/arm-none-eabi/8.2.1/../../../../arm-none-eabi/lib/thumb/v7e-m+fp/hard/libc_nano.a(lib_a-nano-reallocr.o)
 .text          0x0000000000000000        0x0 /home/the_3d6/devtools/gcc-arm-none-eabi-8-2018-q4-major/bin/../lib/gcc/arm-none-eabi/8.2.1/../../../../arm-none-eabi/lib/thumb/v7e-m+fp/hard/libc_nano.a(lib_a-sbrkr.o)
 .data          0x0000000000000000        0x0 /home/the_3d6/devtools/gcc-arm-none-eabi-8-2018-q4-major/bin/../lib/gcc/arm-none-eabi/8.2.1/../../../../arm-none-eabi/lib/thumb/v7e-m+fp/hard/libc_nano.a(lib_a-sbrkr.o)
 .bss           0x0000000000000000        0x0 /home/the_3d6/devtools/gcc-arm-none-eabi-8-2018-q4-major/bin/../lib/gcc/arm-none-eabi/8.2.1/../../../../arm-none-eabi/lib/thumb/v7e-m+fp/hard/libc_nano.a(lib_a-sbrkr.o)
 .text._sbrk_r  0x0000000000000000       0x20 /home/the_3d6/devtools/gcc-arm-none-eabi-8-2018-q4-major/bin/../lib/gcc/arm-none-eabi/8.2.1/../../../../arm-none-eabi/lib/thumb/v7e-m+fp/hard/libc_nano.a(lib_a-sbrkr.o)
 .debug_frame   0x0000000000000000       0x2c /home/the_3d6/devtools/gcc-arm-none-eabi-8-2018-q4-major/bin/../lib/gcc/arm-none-eabi/8.2.1/../../../../arm-none-eabi/lib/thumb/v7e-m+fp/hard/libc_nano.a(lib_a-sbrkr.o)
 .ARM.attributes
                0x0000000000000000       0x34 /home/the_3d6/devtools/gcc-arm-none-eabi-8-2018-q4-major/bin/../lib/gcc/arm-none-eabi/8.2.1/../../../../arm-none-eabi/lib/thumb/v7e-m+fp/hard/libc_nano.a(lib_a-sbrkr.o)
 .text          0x0000000000000000        0x0 /home/the_3d6/devtools/gcc-arm-none-eabi-8-2018-q4-major/bin/../lib/gcc/arm-none-eabi/8.2.1/../../../../arm-none-eabi/lib/thumb/v7e-m+fp/hard/libc_nano.a(lib_a-mlock.o)
 .data          0x0000000000000000        0x0 /home/the_3d6/devtools/gcc-arm-none-eabi-8-2018-q4-major/bin/../lib/gcc/arm-none-eabi/8.2.1/../../../../arm-none-eabi/lib/thumb/v7e-m+fp/hard/libc_nano.a(lib_a-mlock.o)
 .bss           0x0000000000000000        0x0 /home/the_3d6/devtools/gcc-arm-none-eabi-8-2018-q4-major/bin/../lib/gcc/arm-none-eabi/8.2.1/../../../../arm-none-eabi/lib/thumb/v7e-m+fp/hard/libc_nano.a(lib_a-mlock.o)
 .text.__malloc_lock
                0x0000000000000000        0xc /home/the_3d6/devtools/gcc-arm-none-eabi-8-2018-q4-major/bin/../lib/gcc/arm-none-eabi/8.2.1/../../../../arm-none-eabi/lib/thumb/v7e-m+fp/hard/libc_nano.a(lib_a-mlock.o)
 .text.__malloc_unlock
                0x0000000000000000        0xc /home/the_3d6/devtools/gcc-arm-none-eabi-8-2018-q4-major/bin/../lib/gcc/arm-none-eabi/8.2.1/../../../../arm-none-eabi/lib/thumb/v7e-m+fp/hard/libc_nano.a(lib_a-mlock.o)
 .debug_frame   0x0000000000000000       0x30 /home/the_3d6/devtools/gcc-arm-none-eabi-8-2018-q4-major/bin/../lib/gcc/arm-none-eabi/8.2.1/../../../../arm-none-eabi/lib/thumb/v7e-m+fp/hard/libc_nano.a(lib_a-mlock.o)
 .ARM.attributes
                0x0000000000000000       0x34 /home/the_3d6/devtools/gcc-arm-none-eabi-8-2018-q4-major/bin/../lib/gcc/arm-none-eabi/8.2.1/../../../../arm-none-eabi/lib/thumb/v7e-m+fp/hard/libc_nano.a(lib_a-mlock.o)
 .text          0x0000000000000000        0x0 /home/the_3d6/devtools/gcc-arm-none-eabi-8-2018-q4-major/bin/../lib/gcc/arm-none-eabi/8.2.1/../../../../arm-none-eabi/lib/thumb/v7e-m+fp/hard/libc_nano.a(lib_a-nano-msizer.o)
 .data          0x0000000000000000        0x0 /home/the_3d6/devtools/gcc-arm-none-eabi-8-2018-q4-major/bin/../lib/gcc/arm-none-eabi/8.2.1/../../../../arm-none-eabi/lib/thumb/v7e-m+fp/hard/libc_nano.a(lib_a-nano-msizer.o)
 .bss           0x0000000000000000        0x0 /home/the_3d6/devtools/gcc-arm-none-eabi-8-2018-q4-major/bin/../lib/gcc/arm-none-eabi/8.2.1/../../../../arm-none-eabi/lib/thumb/v7e-m+fp/hard/libc_nano.a(lib_a-nano-msizer.o)
 .text._malloc_usable_size_r
                0x0000000000000000       0x10 /home/the_3d6/devtools/gcc-arm-none-eabi-8-2018-q4-major/bin/../lib/gcc/arm-none-eabi/8.2.1/../../../../arm-none-eabi/lib/thumb/v7e-m+fp/hard/libc_nano.a(lib_a-nano-msizer.o)
 .debug_frame   0x0000000000000000       0x20 /home/the_3d6/devtools/gcc-arm-none-eabi-8-2018-q4-major/bin/../lib/gcc/arm-none-eabi/8.2.1/../../../../arm-none-eabi/lib/thumb/v7e-m+fp/hard/libc_nano.a(lib_a-nano-msizer.o)
 .ARM.attributes
                0x0000000000000000       0x34 /home/the_3d6/devtools/gcc-arm-none-eabi-8-2018-q4-major/bin/../lib/gcc/arm-none-eabi/8.2.1/../../../../arm-none-eabi/lib/thumb/v7e-m+fp/hard/libc_nano.a(lib_a-nano-msizer.o)
 .text          0x0000000000000000        0x0 /home/the_3d6/devtools/gcc-arm-none-eabi-8-2018-q4-major/bin/../lib/gcc/arm-none-eabi/8.2.1/../../../../arm-none-eabi/lib/thumb/v7e-m+fp/hard/libc_nano.a(lib_a-reent.o)
 .data          0x0000000000000000        0x0 /home/the_3d6/devtools/gcc-arm-none-eabi-8-2018-q4-major/bin/../lib/gcc/arm-none-eabi/8.2.1/../../../../arm-none-eabi/lib/thumb/v7e-m+fp/hard/libc_nano.a(lib_a-reent.o)
 .bss           0x0000000000000000        0x0 /home/the_3d6/devtools/gcc-arm-none-eabi-8-2018-q4-major/bin/../lib/gcc/arm-none-eabi/8.2.1/../../../../arm-none-eabi/lib/thumb/v7e-m+fp/hard/libc_nano.a(lib_a-reent.o)
 .text.cleanup_glue
                0x0000000000000000       0x1a /home/the_3d6/devtools/gcc-arm-none-eabi-8-2018-q4-major/bin/../lib/gcc/arm-none-eabi/8.2.1/../../../../arm-none-eabi/lib/thumb/v7e-m+fp/hard/libc_nano.a(lib_a-reent.o)
 .text._reclaim_reent
                0x0000000000000000       0xb8 /home/the_3d6/devtools/gcc-arm-none-eabi-8-2018-q4-major/bin/../lib/gcc/arm-none-eabi/8.2.1/../../../../arm-none-eabi/lib/thumb/v7e-m+fp/hard/libc_nano.a(lib_a-reent.o)
 .debug_frame   0x0000000000000000       0x5c /home/the_3d6/devtools/gcc-arm-none-eabi-8-2018-q4-major/bin/../lib/gcc/arm-none-eabi/8.2.1/../../../../arm-none-eabi/lib/thumb/v7e-m+fp/hard/libc_nano.a(lib_a-reent.o)
 .ARM.attributes
                0x0000000000000000       0x34 /home/the_3d6/devtools/gcc-arm-none-eabi-8-2018-q4-major/bin/../lib/gcc/arm-none-eabi/8.2.1/../../../../arm-none-eabi/lib/thumb/v7e-m+fp/hard/libc_nano.a(lib_a-reent.o)
 COMMON         0x0000000000000000        0x4 /home/the_3d6/devtools/gcc-arm-none-eabi-8-2018-q4-major/bin/../lib/gcc/arm-none-eabi/8.2.1/../../../../arm-none-eabi/lib/thumb/v7e-m+fp/hard/libc_nano.a(lib_a-reent.o)
 .text          0x0000000000000000        0x0 /home/the_3d6/devtools/gcc-arm-none-eabi-8-2018-q4-major/bin/../lib/gcc/arm-none-eabi/8.2.1/../../../../arm-none-eabi/lib/thumb/v7e-m+fp/hard/libc_nano.a(lib_a-lock.o)
 .data          0x0000000000000000        0x0 /home/the_3d6/devtools/gcc-arm-none-eabi-8-2018-q4-major/bin/../lib/gcc/arm-none-eabi/8.2.1/../../../../arm-none-eabi/lib/thumb/v7e-m+fp/hard/libc_nano.a(lib_a-lock.o)
 .bss           0x0000000000000000        0x0 /home/the_3d6/devtools/gcc-arm-none-eabi-8-2018-q4-major/bin/../lib/gcc/arm-none-eabi/8.2.1/../../../../arm-none-eabi/lib/thumb/v7e-m+fp/hard/libc_nano.a(lib_a-lock.o)
 .text.__retarget_lock_init
                0x0000000000000000        0x2 /home/the_3d6/devtools/gcc-arm-none-eabi-8-2018-q4-major/bin/../lib/gcc/arm-none-eabi/8.2.1/../../../../arm-none-eabi/lib/thumb/v7e-m+fp/hard/libc_nano.a(lib_a-lock.o)
 .text.__retarget_lock_init_recursive
                0x0000000000000000        0x2 /home/the_3d6/devtools/gcc-arm-none-eabi-8-2018-q4-major/bin/../lib/gcc/arm-none-eabi/8.2.1/../../../../arm-none-eabi/lib/thumb/v7e-m+fp/hard/libc_nano.a(lib_a-lock.o)
 .text.__retarget_lock_close
                0x0000000000000000        0x2 /home/the_3d6/devtools/gcc-arm-none-eabi-8-2018-q4-major/bin/../lib/gcc/arm-none-eabi/8.2.1/../../../../arm-none-eabi/lib/thumb/v7e-m+fp/hard/libc_nano.a(lib_a-lock.o)
 .text.__retarget_lock_close_recursive
                0x0000000000000000        0x2 /home/the_3d6/devtools/gcc-arm-none-eabi-8-2018-q4-major/bin/../lib/gcc/arm-none-eabi/8.2.1/../../../../arm-none-eabi/lib/thumb/v7e-m+fp/hard/libc_nano.a(lib_a-lock.o)
 .text.__retarget_lock_acquire
                0x0000000000000000        0x2 /home/the_3d6/devtools/gcc-arm-none-eabi-8-2018-q4-major/bin/../lib/gcc/arm-none-eabi/8.2.1/../../../../arm-none-eabi/lib/thumb/v7e-m+fp/hard/libc_nano.a(lib_a-lock.o)
 .text.__retarget_lock_acquire_recursive
                0x0000000000000000        0x2 /home/the_3d6/devtools/gcc-arm-none-eabi-8-2018-q4-major/bin/../lib/gcc/arm-none-eabi/8.2.1/../../../../arm-none-eabi/lib/thumb/v7e-m+fp/hard/libc_nano.a(lib_a-lock.o)
 .text.__retarget_lock_try_acquire
                0x0000000000000000        0x4 /home/the_3d6/devtools/gcc-arm-none-eabi-8-2018-q4-major/bin/../lib/gcc/arm-none-eabi/8.2.1/../../../../arm-none-eabi/lib/thumb/v7e-m+fp/hard/libc_nano.a(lib_a-lock.o)
 .text.__retarget_lock_try_acquire_recursive
                0x0000000000000000        0x4 /home/the_3d6/devtools/gcc-arm-none-eabi-8-2018-q4-major/bin/../lib/gcc/arm-none-eabi/8.2.1/../../../../arm-none-eabi/lib/thumb/v7e-m+fp/hard/libc_nano.a(lib_a-lock.o)
 .text.__retarget_lock_release
                0x0000000000000000        0x2 /home/the_3d6/devtools/gcc-arm-none-eabi-8-2018-q4-major/bin/../lib/gcc/arm-none-eabi/8.2.1/../../../../arm-none-eabi/lib/thumb/v7e-m+fp/hard/libc_nano.a(lib_a-lock.o)
 .text.__retarget_lock_release_recursive
                0x0000000000000000        0x2 /home/the_3d6/devtools/gcc-arm-none-eabi-8-2018-q4-major/bin/../lib/gcc/arm-none-eabi/8.2.1/../../../../arm-none-eabi/lib/thumb/v7e-m+fp/hard/libc_nano.a(lib_a-lock.o)
 .debug_frame   0x0000000000000000       0xb0 /home/the_3d6/devtools/gcc-arm-none-eabi-8-2018-q4-major/bin/../lib/gcc/arm-none-eabi/8.2.1/../../../../arm-none-eabi/lib/thumb/v7e-m+fp/hard/libc_nano.a(lib_a-lock.o)
 .ARM.attributes
                0x0000000000000000       0x34 /home/the_3d6/devtools/gcc-arm-none-eabi-8-2018-q4-major/bin/../lib/gcc/arm-none-eabi/8.2.1/../../../../arm-none-eabi/lib/thumb/v7e-m+fp/hard/libc_nano.a(lib_a-lock.o)
 COMMON         0x0000000000000000        0x9 /home/the_3d6/devtools/gcc-arm-none-eabi-8-2018-q4-major/bin/../lib/gcc/arm-none-eabi/8.2.1/../../../../arm-none-eabi/lib/thumb/v7e-m+fp/hard/libc_nano.a(lib_a-lock.o)
 .text          0x0000000000000000        0x0 /home/the_3d6/devtools/gcc-arm-none-eabi-8-2018-q4-major/bin/../lib/gcc/arm-none-eabi/8.2.1/../../../../arm-none-eabi/lib/thumb/v7e-m+fp/hard/libnosys.a(sbrk.o)
 .data          0x0000000000000000        0x0 /home/the_3d6/devtools/gcc-arm-none-eabi-8-2018-q4-major/bin/../lib/gcc/arm-none-eabi/8.2.1/../../../../arm-none-eabi/lib/thumb/v7e-m+fp/hard/libnosys.a(sbrk.o)
 .bss           0x0000000000000000        0x0 /home/the_3d6/devtools/gcc-arm-none-eabi-8-2018-q4-major/bin/../lib/gcc/arm-none-eabi/8.2.1/../../../../arm-none-eabi/lib/thumb/v7e-m+fp/hard/libnosys.a(sbrk.o)
 .text._sbrk    0x0000000000000000       0x1c /home/the_3d6/devtools/gcc-arm-none-eabi-8-2018-q4-major/bin/../lib/gcc/arm-none-eabi/8.2.1/../../../../arm-none-eabi/lib/thumb/v7e-m+fp/hard/libnosys.a(sbrk.o)
 .bss.heap_end.5501
                0x0000000000000000        0x4 /home/the_3d6/devtools/gcc-arm-none-eabi-8-2018-q4-major/bin/../lib/gcc/arm-none-eabi/8.2.1/../../../../arm-none-eabi/lib/thumb/v7e-m+fp/hard/libnosys.a(sbrk.o)
 .debug_frame   0x0000000000000000       0x20 /home/the_3d6/devtools/gcc-arm-none-eabi-8-2018-q4-major/bin/../lib/gcc/arm-none-eabi/8.2.1/../../../../arm-none-eabi/lib/thumb/v7e-m+fp/hard/libnosys.a(sbrk.o)
 .ARM.attributes
                0x0000000000000000       0x34 /home/the_3d6/devtools/gcc-arm-none-eabi-8-2018-q4-major/bin/../lib/gcc/arm-none-eabi/8.2.1/../../../../arm-none-eabi/lib/thumb/v7e-m+fp/hard/libnosys.a(sbrk.o)
 .text          0x0000000000000000        0x0 /home/the_3d6/devtools/gcc-arm-none-eabi-8-2018-q4-major/bin/../lib/gcc/arm-none-eabi/8.2.1/../../../../arm-none-eabi/lib/thumb/v7e-m+fp/hard/libnosys.a(_exit.o)
 .data          0x0000000000000000        0x0 /home/the_3d6/devtools/gcc-arm-none-eabi-8-2018-q4-major/bin/../lib/gcc/arm-none-eabi/8.2.1/../../../../arm-none-eabi/lib/thumb/v7e-m+fp/hard/libnosys.a(_exit.o)
 .bss           0x0000000000000000        0x0 /home/the_3d6/devtools/gcc-arm-none-eabi-8-2018-q4-major/bin/../lib/gcc/arm-none-eabi/8.2.1/../../../../arm-none-eabi/lib/thumb/v7e-m+fp/hard/libnosys.a(_exit.o)
 .text          0x0000000000000000        0x0 /home/the_3d6/devtools/gcc-arm-none-eabi-8-2018-q4-major/bin/../lib/gcc/arm-none-eabi/8.2.1/thumb/v7e-m+fp/hard/crtend.o
 .data          0x0000000000000000        0x0 /home/the_3d6/devtools/gcc-arm-none-eabi-8-2018-q4-major/bin/../lib/gcc/arm-none-eabi/8.2.1/thumb/v7e-m+fp/hard/crtend.o
 .bss           0x0000000000000000        0x0 /home/the_3d6/devtools/gcc-arm-none-eabi-8-2018-q4-major/bin/../lib/gcc/arm-none-eabi/8.2.1/thumb/v7e-m+fp/hard/crtend.o
 .text          0x0000000000000000        0x0 /home/the_3d6/devtools/gcc-arm-none-eabi-8-2018-q4-major/bin/../lib/gcc/arm-none-eabi/8.2.1/thumb/v7e-m+fp/hard/crtn.o
 .data          0x0000000000000000        0x0 /home/the_3d6/devtools/gcc-arm-none-eabi-8-2018-q4-major/bin/../lib/gcc/arm-none-eabi/8.2.1/thumb/v7e-m+fp/hard/crtn.o
 .bss           0x0000000000000000        0x0 /home/the_3d6/devtools/gcc-arm-none-eabi-8-2018-q4-major/bin/../lib/gcc/arm-none-eabi/8.2.1/thumb/v7e-m+fp/hard/crtn.o

Memory Configuration

Name             Origin             Length             Attributes
FLASH            0x0000000000004000 0x0000000000080000 xr
RAM              0x0000000020000000 0x0000000000010000 xrw
*default*        0x0000000000000000 0xffffffffffffffff

Linker script and memory map


.text           0x0000000000004000     0x1f5c
 *(.isr_vector)
 .isr_vector    0x0000000000004000      0x200 build/ubase/gcc_startup_nrf52.S.o
                0x0000000000004000                __isr_vector
 *(.text*)
 .text          0x0000000000004200       0x40 /home/the_3d6/devtools/gcc-arm-none-eabi-8-2018-q4-major/bin/../lib/gcc/arm-none-eabi/8.2.1/thumb/v7e-m+fp/hard/crtbegin.o
 .text          0x0000000000004240       0x74 /home/the_3d6/devtools/gcc-arm-none-eabi-8-2018-q4-major/bin/../lib/gcc/arm-none-eabi/8.2.1/../../../../arm-none-eabi/lib/thumb/v7e-m+fp/hard/crt0.o
                0x0000000000004240                _mainCRTStartup
                0x0000000000004240                _start
 .text.check_uart_packet
                0x00000000000042b4      0x20c build/ubase/udevices_base_main.c.o
                0x00000000000042b4                check_uart_packet
 .text.startup.main
                0x00000000000044c0      0x2e4 build/ubase/udevices_base_main.c.o
                0x00000000000044c0                main
 .text.PWM0_IRQHandler
                0x00000000000047a4       0x28 build/ubase/leds.c.o
                0x00000000000047a4                PWM0_IRQHandler
 .text.TIMER0_IRQHandler
                0x00000000000047cc       0x6c build/ubase/leds.c.o
                0x00000000000047cc                TIMER0_IRQHandler
 .text.leds_init
                0x0000000000004838       0x78 build/ubase/leds.c.o
                0x0000000000004838                leds_init
 .text.leds_set_pwm
                0x00000000000048b0       0x14 build/ubase/leds.c.o
                0x00000000000048b0                leds_set_pwm
 .text.rf_init  0x00000000000048c4       0xf8 build/ubase/urf_radio.c.o
                0x00000000000048c4                rf_init
 .text.rf_mode_tx_then_rx
                0x00000000000049bc       0xd4 build/ubase/urf_radio.c.o
                0x00000000000049bc                rf_mode_tx_then_rx
 .text.rf_listen
                0x0000000000004a90       0xa0 build/ubase/urf_radio.c.o
                0x0000000000004a90                rf_listen
 .text.rf_send_and_listen
                0x0000000000004b30       0xa8 build/ubase/urf_radio.c.o
                0x0000000000004b30                rf_send_and_listen
 .text.rf_has_new_packet
                0x0000000000004bd8       0x18 build/ubase/urf_radio.c.o
                0x0000000000004bd8                rf_has_new_packet
 .text.rf_get_packet
                0x0000000000004bf0       0x38 build/ubase/urf_radio.c.o
                0x0000000000004bf0                rf_get_packet
 .text.RADIO_IRQHandler
                0x0000000000004c28      0x268 build/ubase/urf_radio.c.o
                0x0000000000004c28                RADIO_IRQHandler
 .text.rf_is_busy
                0x0000000000004e90        0xc build/ubase/urf_radio.c.o
                0x0000000000004e90                rf_is_busy
 .text.time_start
                0x0000000000004e9c       0x74 build/ubase/urf_timer.c.o
                0x0000000000004e9c                time_start
 .text.micros   0x0000000000004f10       0x1c build/ubase/urf_timer.c.o
                0x0000000000004f10                micros
 .text.millis   0x0000000000004f2c        0xc build/ubase/urf_timer.c.o
                0x0000000000004f2c                millis
 .text.TIMER3_IRQHandler
                0x0000000000004f38       0xac build/ubase/urf_timer.c.o
                0x0000000000004f38                TIMER3_IRQHandler
 .text.TIMER2_IRQHandler
                0x0000000000004fe4       0x6c build/ubase/urf_timer.c.o
                0x0000000000004fe4                TIMER2_IRQHandler
 .text.delay_ms
                0x0000000000005050       0x28 build/ubase/urf_timer.c.o
                0x0000000000005050                delay_ms
 .text.uart_init
                0x0000000000005078      0x1d4 build/ubase/urf_uart.c.o
                0x0000000000005078                uart_init
 .text.uart_update_tx
                0x000000000000524c       0x84 build/ubase/urf_uart.c.o
                0x000000000000524c                uart_update_tx
 .text.uart_send
                0x00000000000052d0       0x5c build/ubase/urf_uart.c.o
                0x00000000000052d0                uart_send
 .text.uart_send_remains
                0x000000000000532c        0x4 build/ubase/urf_uart.c.o
                0x000000000000532c                uart_send_remains
 .text.UARTE0_UART0_IRQHandler
                0x0000000000005330      0x110 build/ubase/urf_uart.c.o
                0x0000000000005330                UARTE0_UART0_IRQHandler
 .text.uart_get_rx_position
                0x0000000000005440        0xc build/ubase/urf_uart.c.o
                0x0000000000005440                uart_get_rx_position
 .text.uart_get_rx_buf
                0x000000000000544c        0x8 build/ubase/urf_uart.c.o
                0x000000000000544c                uart_get_rx_buf
 .text.uart_get_rx_buf_length
                0x0000000000005454        0xc build/ubase/urf_uart.c.o
                0x0000000000005454                uart_get_rx_buf_length
 .text.star_init
                0x0000000000005460       0x38 build/ubase/urf_star_protocol.c.o
                0x0000000000005460                star_init
 .text.star_queue_send
                0x0000000000005498       0xf4 build/ubase/urf_star_protocol.c.o
                0x0000000000005498                star_queue_send
 .text.star_has_packet
                0x000000000000558c        0xc build/ubase/urf_star_protocol.c.o
                0x000000000000558c                star_has_packet
 .text.star_get_packet
                0x0000000000005598       0x8c build/ubase/urf_star_protocol.c.o
                0x0000000000005598                star_get_packet
 .text.loop_central
                0x0000000000005624      0x320 build/ubase/urf_star_protocol.c.o
                0x0000000000005624                loop_central
 .text.loop_node
                0x0000000000005944      0x19c build/ubase/urf_star_protocol.c.o
                0x0000000000005944                loop_node
 .text.star_loop_step
                0x0000000000005ae0       0x14 build/ubase/urf_star_protocol.c.o
                0x0000000000005ae0                star_loop_step
 .text          0x0000000000005af4       0x3c build/ubase/gcc_startup_nrf52.S.o
                0x0000000000005af4                Reset_Handler
                0x0000000000005b1c                NMI_Handler
                0x0000000000005b1e                HardFault_Handler
                0x0000000000005b20                MemoryManagement_Handler
                0x0000000000005b22                BusFault_Handler
                0x0000000000005b24                UsageFault_Handler
                0x0000000000005b26                SVC_Handler
                0x0000000000005b28                DebugMon_Handler
                0x0000000000005b2a                PendSV_Handler
                0x0000000000005b2c                SysTick_Handler
                0x0000000000005b2e                RTC0_IRQHandler
                0x0000000000005b2e                SWI0_EGU0_IRQHandler
                0x0000000000005b2e                SWI2_EGU2_IRQHandler
                0x0000000000005b2e                GPIOTE_IRQHandler
                0x0000000000005b2e                PWM1_IRQHandler
                0x0000000000005b2e                POWER_CLOCK_IRQHandler
                0x0000000000005b2e                PDM_IRQHandler
                0x0000000000005b2e                TEMP_IRQHandler
                0x0000000000005b2e                QDEC_IRQHandler
                0x0000000000005b2e                FPU_IRQHandler
                0x0000000000005b2e                SPIM0_SPIS0_TWIM0_TWIS0_SPI0_TWI0_IRQHandler
                0x0000000000005b2e                TIMER4_IRQHandler
                0x0000000000005b2e                I2S_IRQHandler
                0x0000000000005b2e                SWI4_EGU4_IRQHandler
                0x0000000000005b2e                TIMER1_IRQHandler
                0x0000000000005b2e                PWM2_IRQHandler
                0x0000000000005b2e                ECB_IRQHandler
                0x0000000000005b2e                SPIM1_SPIS1_TWIM1_TWIS1_SPI1_TWI1_IRQHandler
                0x0000000000005b2e                Default_Handler
                0x0000000000005b2e                SAADC_IRQHandler
                0x0000000000005b2e                CCM_AAR_IRQHandler
                0x0000000000005b2e                WDT_IRQHandler
                0x0000000000005b2e                SWI5_EGU5_IRQHandler
                0x0000000000005b2e                RNG_IRQHandler
                0x0000000000005b2e                RTC2_IRQHandler
                0x0000000000005b2e                SWI3_EGU3_IRQHandler
                0x0000000000005b2e                RTC1_IRQHandler
                0x0000000000005b2e                SWI1_EGU1_IRQHandler
                0x0000000000005b2e                SPIM2_SPIS2_SPI2_IRQHandler
                0x0000000000005b2e                NFCT_IRQHandler
                0x0000000000005b2e                MWU_IRQHandler
                0x0000000000005b2e                COMP_LPCOMP_IRQHandler
 .text.SystemInit
                0x0000000000005b30      0x388 build/ubase/system_nrf52.c.o
                0x0000000000005b30                SystemInit
 .text.exit     0x0000000000005eb8       0x28 /home/the_3d6/devtools/gcc-arm-none-eabi-8-2018-q4-major/bin/../lib/gcc/arm-none-eabi/8.2.1/../../../../arm-none-eabi/lib/thumb/v7e-m+fp/hard/libc_nano.a(lib_a-exit.o)
                0x0000000000005eb8                exit
 .text.__libc_init_array
                0x0000000000005ee0       0x48 /home/the_3d6/devtools/gcc-arm-none-eabi-8-2018-q4-major/bin/../lib/gcc/arm-none-eabi/8.2.1/../../../../arm-none-eabi/lib/thumb/v7e-m+fp/hard/libc_nano.a(lib_a-init.o)
                0x0000000000005ee0                __libc_init_array
 .text.memset   0x0000000000005f28       0x10 /home/the_3d6/devtools/gcc-arm-none-eabi-8-2018-q4-major/bin/../lib/gcc/arm-none-eabi/8.2.1/../../../../arm-none-eabi/lib/thumb/v7e-m+fp/hard/libc_nano.a(lib_a-memset.o)
                0x0000000000005f28                memset
 .text._exit    0x0000000000005f38        0x4 /home/the_3d6/devtools/gcc-arm-none-eabi-8-2018-q4-major/bin/../lib/gcc/arm-none-eabi/8.2.1/../../../../arm-none-eabi/lib/thumb/v7e-m+fp/hard/libnosys.a(_exit.o)
                0x0000000000005f38                _exit
 *(.init)
 .init          0x0000000000005f3c        0x4 /home/the_3d6/devtools/gcc-arm-none-eabi-8-2018-q4-major/bin/../lib/gcc/arm-none-eabi/8.2.1/thumb/v7e-m+fp/hard/crti.o
                0x0000000000005f3c                _init
 .init          0x0000000000005f40        0x8 /home/the_3d6/devtools/gcc-arm-none-eabi-8-2018-q4-major/bin/../lib/gcc/arm-none-eabi/8.2.1/thumb/v7e-m+fp/hard/crtn.o
 *(.fini)
 .fini          0x0000000000005f48        0x4 /home/the_3d6/devtools/gcc-arm-none-eabi-8-2018-q4-major/bin/../lib/gcc/arm-none-eabi/8.2.1/thumb/v7e-m+fp/hard/crti.o
                0x0000000000005f48                _fini
 .fini          0x0000000000005f4c        0x8 /home/the_3d6/devtools/gcc-arm-none-eabi-8-2018-q4-major/bin/../lib/gcc/arm-none-eabi/8.2.1/thumb/v7e-m+fp/hard/crtn.o
 *crtbegin.o(.ctors)
 *crtbegin?.o(.ctors)
 *(EXCLUDE_FILE(*crtend.o *crtend?.o) .ctors)
 *(SORT_BY_NAME(.ctors.*))
 *(.ctors)
 *crtbegin.o(.dtors)
 *crtbegin?.o(.dtors)
 *(EXCLUDE_FILE(*crtend.o *crtend?.o) .dtors)
 *(SORT_BY_NAME(.dtors.*))
 *(.dtors)
 *(.rodata*)
 .rodata._global_impure_ptr
                0x0000000000005f54        0x4 /home/the_3d6/devtools/gcc-arm-none-eabi-8-2018-q4-major/bin/../lib/gcc/arm-none-eabi/8.2.1/../../../../arm-none-eabi/lib/thumb/v7e-m+fp/hard/libc_nano.a(lib_a-impure.o)
                0x0000000000005f54                _global_impure_ptr
 *(.eh_frame*)
 .eh_frame      0x0000000000005f58        0x0 /home/the_3d6/devtools/gcc-arm-none-eabi-8-2018-q4-major/bin/../lib/gcc/arm-none-eabi/8.2.1/thumb/v7e-m+fp/hard/crtbegin.o
 .eh_frame      0x0000000000005f58        0x4 /home/the_3d6/devtools/gcc-arm-none-eabi-8-2018-q4-major/bin/../lib/gcc/arm-none-eabi/8.2.1/thumb/v7e-m+fp/hard/crtend.o

.glue_7         0x0000000000005f5c        0x0
 .glue_7        0x0000000000005f5c        0x0 linker stubs

.glue_7t        0x0000000000005f5c        0x0
 .glue_7t       0x0000000000005f5c        0x0 linker stubs

.vfp11_veneer   0x0000000000005f5c        0x0
 .vfp11_veneer  0x0000000000005f5c        0x0 linker stubs

.v4_bx          0x0000000000005f5c        0x0
 .v4_bx         0x0000000000005f5c        0x0 linker stubs

.iplt           0x0000000000005f5c        0x0
 .iplt          0x0000000000005f5c        0x0 /home/the_3d6/devtools/gcc-arm-none-eabi-8-2018-q4-major/bin/../lib/gcc/arm-none-eabi/8.2.1/thumb/v7e-m+fp/hard/crtbegin.o

.mem_section_dummy_rom

.log_const_data
                0x0000000000005f5c        0x0
                [!provide]                        PROVIDE (__start_log_const_data = .)
 *(.log_const_data)
                [!provide]                        PROVIDE (__stop_log_const_data = .)

.ARM.extab
 *(.ARM.extab* .gnu.linkonce.armextab.*)
                0x0000000000005f5c                __exidx_start = .

.ARM.exidx      0x0000000000005f5c        0x8
 *(.ARM.exidx* .gnu.linkonce.armexidx.*)
 .ARM.exidx     0x0000000000005f5c        0x8 /home/the_3d6/devtools/gcc-arm-none-eabi-8-2018-q4-major/bin/../lib/gcc/arm-none-eabi/8.2.1/../../../../arm-none-eabi/lib/thumb/v7e-m+fp/hard/crt0.o
                0x0000000000005f64                __exidx_end = .
                0x0000000000005f64                __etext = .

.rel.dyn        0x0000000000005f64        0x0
 .rel.iplt      0x0000000000005f64        0x0 /home/the_3d6/devtools/gcc-arm-none-eabi-8-2018-q4-major/bin/../lib/gcc/arm-none-eabi/8.2.1/thumb/v7e-m+fp/hard/crtbegin.o

.data           0x0000000020000000       0x9c load address 0x0000000000005f64
                0x0000000020000000                __data_start__ = .
 *(vtable)
 *(.data*)
 .data.pin_rx   0x0000000020000000        0x1 build/ubase/udevices_base_main.c.o
                0x0000000020000000                pin_rx
 .data.pin_tx   0x0000000020000001        0x1 build/ubase/udevices_base_main.c.o
                0x0000000020000001                pin_tx
 *fill*         0x0000000020000002        0x2 
 .data.pack_max_length
                0x0000000020000004        0x4 build/ubase/urf_radio.c.o
                0x0000000020000004                pack_max_length
 .data.timer_ints_per_ms
                0x0000000020000008        0x4 build/ubase/urf_timer.c.o
                0x0000000020000008                timer_ints_per_ms
 .data.rx_batch_size
                0x000000002000000c        0x4 build/ubase/urf_uart.c.o
                0x000000002000000c                rx_batch_size
 .data.send_complete
                0x0000000020000010        0x4 build/ubase/urf_uart.c.o
                0x0000000020000010                send_complete
 .data.send_tx_size
                0x0000000020000014        0x4 build/ubase/urf_uart.c.o
                0x0000000020000014                send_tx_size
 .data.uart_rx_length
                0x0000000020000018        0x4 build/ubase/urf_uart.c.o
                0x0000000020000018                uart_rx_length
 .data.uart_tx_length
                0x000000002000001c        0x4 build/ubase/urf_uart.c.o
                0x000000002000001c                uart_tx_length
 .data.active_timeout
                0x0000000020000020        0x4 build/ubase/urf_star_protocol.c.o
                0x0000000020000020                active_timeout
 .data.cycle_step_mcs
                0x0000000020000024        0x4 build/ubase/urf_star_protocol.c.o
                0x0000000020000024                cycle_step_mcs
 .data.no_ask_timeout
                0x0000000020000028        0x4 build/ubase/urf_star_protocol.c.o
                0x0000000020000028                no_ask_timeout
 .data.star_unit_id
                0x000000002000002c        0x4 build/ubase/urf_star_protocol.c.o
                0x000000002000002c                star_unit_id
 .data.SystemCoreClock
                0x0000000020000030        0x4 build/ubase/system_nrf52.c.o
                0x0000000020000030                SystemCoreClock
 .data.impure_data
                0x0000000020000034       0x60 /home/the_3d6/devtools/gcc-arm-none-eabi-8-2018-q4-major/bin/../lib/gcc/arm-none-eabi/8.2.1/../../../../arm-none-eabi/lib/thumb/v7e-m+fp/hard/libc_nano.a(lib_a-impure.o)
                0x0000000020000094                . = ALIGN (0x4)
                0x0000000020000094                PROVIDE (__preinit_array_start = .)
 *(.preinit_array)
                0x0000000020000094                PROVIDE (__preinit_array_end = .)
                0x0000000020000094                . = ALIGN (0x4)
                0x0000000020000094                PROVIDE (__init_array_start = .)
 *(SORT_BY_NAME(.init_array.*))
 *(.init_array)
 .init_array    0x0000000020000094        0x4 /home/the_3d6/devtools/gcc-arm-none-eabi-8-2018-q4-major/bin/../lib/gcc/arm-none-eabi/8.2.1/thumb/v7e-m+fp/hard/crtbegin.o
                0x0000000020000098                PROVIDE (__init_array_end = .)
                0x0000000020000098                . = ALIGN (0x4)
                [!provide]                        PROVIDE (__fini_array_start = .)
 *(SORT_BY_NAME(.fini_array.*))
 *(.fini_array)
 .fini_array    0x0000000020000098        0x4 /home/the_3d6/devtools/gcc-arm-none-eabi-8-2018-q4-major/bin/../lib/gcc/arm-none-eabi/8.2.1/thumb/v7e-m+fp/hard/crtbegin.o
                [!provide]                        PROVIDE (__fini_array_end = .)
 *(.jcr*)
                0x000000002000009c                . = ALIGN (0x4)
                0x000000002000009c                __data_end__ = .
LOAD /home/the_3d6/devtools/gcc-arm-none-eabi-8-2018-q4-major/bin/../lib/gcc/arm-none-eabi/8.2.1/thumb/v7e-m+fp/hard/crti.o
LOAD /home/the_3d6/devtools/gcc-arm-none-eabi-8-2018-q4-major/bin/../lib/gcc/arm-none-eabi/8.2.1/thumb/v7e-m+fp/hard/crtbegin.o
LOAD /home/the_3d6/devtools/gcc-arm-none-eabi-8-2018-q4-major/bin/../lib/gcc/arm-none-eabi/8.2.1/../../../../arm-none-eabi/lib/thumb/v7e-m+fp/hard/crt0.o
LOAD build/ubase/udevices_base_main.c.o
LOAD build/ubase/leds.c.o
LOAD build/ubase/urf_radio.c.o
LOAD build/ubase/urf_timer.c.o
LOAD build/ubase/urf_uart.c.o
LOAD build/ubase/urf_star_protocol.c.o
LOAD build/ubase/gcc_startup_nrf52.S.o
LOAD build/ubase/system_nrf52.c.o
LOAD /home/the_3d6/devtools/gcc-arm-none-eabi-8-2018-q4-major/bin/../lib/gcc/arm-none-eabi/8.2.1/../../../../arm-none-eabi/lib/thumb/v7e-m+fp/hard/libc_nano.a
LOAD /home/the_3d6/devtools/gcc-arm-none-eabi-8-2018-q4-major/bin/../lib/gcc/arm-none-eabi/8.2.1/../../../../arm-none-eabi/lib/thumb/v7e-m+fp/hard/libnosys.a
LOAD /home/the_3d6/devtools/gcc-arm-none-eabi-8-2018-q4-major/bin/../lib/gcc/arm-none-eabi/8.2.1/../../../../arm-none-eabi/lib/thumb/v7e-m+fp/hard/libm.a
START GROUP
LOAD /home/the_3d6/devtools/gcc-arm-none-eabi-8-2018-q4-major/bin/../lib/gcc/arm-none-eabi/8.2.1/thumb/v7e-m+fp/hard/libgcc.a
LOAD /home/the_3d6/devtools/gcc-arm-none-eabi-8-2018-q4-major/bin/../lib/gcc/arm-none-eabi/8.2.1/../../../../arm-none-eabi/lib/thumb/v7e-m+fp/hard/libc_nano.a
END GROUP
START GROUP
LOAD /home/the_3d6/devtools/gcc-arm-none-eabi-8-2018-q4-major/bin/../lib/gcc/arm-none-eabi/8.2.1/thumb/v7e-m+fp/hard/libgcc.a
LOAD /home/the_3d6/devtools/gcc-arm-none-eabi-8-2018-q4-major/bin/../lib/gcc/arm-none-eabi/8.2.1/../../../../arm-none-eabi/lib/thumb/v7e-m+fp/hard/libc_nano.a
END GROUP
LOAD /home/the_3d6/devtools/gcc-arm-none-eabi-8-2018-q4-major/bin/../lib/gcc/arm-none-eabi/8.2.1/thumb/v7e-m+fp/hard/crtend.o
LOAD /home/the_3d6/devtools/gcc-arm-none-eabi-8-2018-q4-major/bin/../lib/gcc/arm-none-eabi/8.2.1/thumb/v7e-m+fp/hard/crtn.o
START GROUP
LOAD /home/the_3d6/devtools/gcc-arm-none-eabi-8-2018-q4-major/bin/../lib/gcc/arm-none-eabi/8.2.1/thumb/v7e-m+fp/hard/libgcc.a
LOAD /home/the_3d6/devtools/gcc-arm-none-eabi-8-2018-q4-major/bin/../lib/gcc/arm-none-eabi/8.2.1/../../../../arm-none-eabi/lib/thumb/v7e-m+fp/hard/libc.a
LOAD /home/the_3d6/devtools/gcc-arm-none-eabi-8-2018-q4-major/bin/../lib/gcc/arm-none-eabi/8.2.1/../../../../arm-none-eabi/lib/thumb/v7e-m+fp/hard/libnosys.a
END GROUP

.igot.plt       0x000000002000009c        0x0 load address 0x0000000000006000
 .igot.plt      0x000000002000009c        0x0 /home/the_3d6/devtools/gcc-arm-none-eabi-8-2018-q4-major/bin/../lib/gcc/arm-none-eabi/8.2.1/thumb/v7e-m+fp/hard/crtbegin.o
                0x000000002000009c                . = ALIGN (0x4)

.mem_section_dummy_ram

.log_dynamic_data
                0x000000002000009c        0x0
                [!provide]                        PROVIDE (__start_log_dynamic_data = .)
 *(.log_dynamic_data)
                [!provide]                        PROVIDE (__stop_log_dynamic_data = .)

.bss            0x000000002000009c      0xfbc load address 0x0000000000006000
                0x000000002000009c                . = ALIGN (0x4)
                0x000000002000009c                __bss_start__ = .
 *(.bss*)
 .bss           0x000000002000009c       0x1c /home/the_3d6/devtools/gcc-arm-none-eabi-8-2018-q4-major/bin/../lib/gcc/arm-none-eabi/8.2.1/thumb/v7e-m+fp/hard/crtbegin.o
 .bss.ble_mode  0x00000000200000b8        0x1 build/ubase/udevices_base_main.c.o
                0x00000000200000b8                ble_mode
 *fill*         0x00000000200000b9        0x3 
 .bss.bootloader_mode
                0x00000000200000bc        0x4 build/ubase/udevices_base_main.c.o
                0x00000000200000bc                bootloader_mode
 .bss.last_pos_rep_time
                0x00000000200000c0        0x4 build/ubase/udevices_base_main.c.o
                0x00000000200000c0                last_pos_rep_time
 .bss.last_uart_pos
                0x00000000200000c4        0x4 build/ubase/udevices_base_main.c.o
                0x00000000200000c4                last_uart_pos
 .bss.last_uart_rf_pack
                0x00000000200000c8        0x4 build/ubase/udevices_base_main.c.o
                0x00000000200000c8                last_uart_rf_pack
 .bss.old_bootloader
                0x00000000200000cc        0x1 build/ubase/udevices_base_main.c.o
                0x00000000200000cc                old_bootloader
 *fill*         0x00000000200000cd        0x3 
 .bss.pack_begin
                0x00000000200000d0        0x4 build/ubase/udevices_base_main.c.o
                0x00000000200000d0                pack_begin
 .bss.pack_length
                0x00000000200000d4        0x4 build/ubase/udevices_base_main.c.o
                0x00000000200000d4                pack_length
 .bss.pack_state
                0x00000000200000d8        0x4 build/ubase/udevices_base_main.c.o
                0x00000000200000d8                pack_state
 .bss.pwm_counter
                0x00000000200000dc        0x1 build/ubase/leds.c.o
                0x00000000200000dc                pwm_counter
 *fill*         0x00000000200000dd        0x3 
 .bss.ack_state
                0x00000000200000e0        0x4 build/ubase/urf_radio.c.o
                0x00000000200000e0                ack_state
 .bss.auto_respond
                0x00000000200000e4        0x1 build/ubase/urf_radio.c.o
                0x00000000200000e4                auto_respond
 .bss.current_mode
                0x00000000200000e5        0x1 build/ubase/urf_radio.c.o
                0x00000000200000e5                current_mode
 *fill*         0x00000000200000e6        0x2 
 .bss.last_processed_rx_packet
                0x00000000200000e8        0x4 build/ubase/urf_radio.c.o
                0x00000000200000e8                last_processed_rx_packet
 .bss.resp_length
                0x00000000200000ec        0x1 build/ubase/urf_radio.c.o
                0x00000000200000ec                resp_length
 *fill*         0x00000000200000ed        0x3 
 .bss.rf_busy   0x00000000200000f0        0x4 build/ubase/urf_radio.c.o
                0x00000000200000f0                rf_busy
 .bss.rf_irq_override
                0x00000000200000f4        0x4 build/ubase/urf_radio.c.o
                0x00000000200000f4                rf_irq_override
 .bss.rf_rx_irq
                0x00000000200000f8        0x4 build/ubase/urf_radio.c.o
                0x00000000200000f8                rf_rx_irq
 .bss.rf_tx_irq
                0x00000000200000fc        0x4 build/ubase/urf_radio.c.o
                0x00000000200000fc                rf_tx_irq
 .bss.rx_packet_counter
                0x0000000020000100        0x4 build/ubase/urf_radio.c.o
                0x0000000020000100                rx_packet_counter
 .bss.mcs_time  0x0000000020000104        0x4 build/ubase/urf_timer.c.o
                0x0000000020000104                mcs_time
 .bss.ms_counter
                0x0000000020000108        0x4 build/ubase/urf_timer.c.o
                0x0000000020000108                ms_counter
 .bss.ms_time   0x000000002000010c        0x4 build/ubase/urf_timer.c.o
                0x000000002000010c                ms_time
 .bss.s_counter
                0x0000000020000110        0x4 build/ubase/urf_timer.c.o
                0x0000000020000110                s_counter
 .bss.s_time    0x0000000020000114        0x4 build/ubase/urf_timer.c.o
                0x0000000020000114                s_time
 .bss.timed_event
                0x0000000020000118        0x4 build/ubase/urf_timer.c.o
                0x0000000020000118                timed_event
 .bss.timed_event_adjustment
                0x000000002000011c        0x4 build/ubase/urf_timer.c.o
                0x000000002000011c                timed_event_adjustment
 .bss.timed_event_adjustment_state
                0x0000000020000120        0x4 build/ubase/urf_timer.c.o
                0x0000000020000120                timed_event_adjustment_state
 .bss.timed_event_delayed
                0x0000000020000124        0x4 build/ubase/urf_timer.c.o
                0x0000000020000124                timed_event_delayed
 .bss.timed_event_period
                0x0000000020000128        0x4 build/ubase/urf_timer.c.o
                0x0000000020000128                timed_event_period
 .bss.timed_subevent
                0x000000002000012c        0x4 build/ubase/urf_timer.c.o
                0x000000002000012c                timed_subevent
 .bss.timed_subevent_enabled
                0x0000000020000130        0x4 build/ubase/urf_timer.c.o
                0x0000000020000130                timed_subevent_enabled
 .bss.timer_on  0x0000000020000134        0x1 build/ubase/urf_timer.c.o
                0x0000000020000134                timer_on
 *fill*         0x0000000020000135        0x3 
 .bss.uart_inited
                0x0000000020000138        0x4 build/ubase/urf_uart.c.o
                0x0000000020000138                uart_inited
 .bss.uart_rx_pos
                0x000000002000013c        0x1 build/ubase/urf_uart.c.o
                0x000000002000013c                uart_rx_pos
 *fill*         0x000000002000013d        0x1 
 .bss.uart_scheduled_end
                0x000000002000013e        0x2 build/ubase/urf_uart.c.o
                0x000000002000013e                uart_scheduled_end
 .bss.uart_transaction_end
                0x0000000020000140        0x2 build/ubase/urf_uart.c.o
                0x0000000020000140                uart_transaction_end
 *fill*         0x0000000020000142        0x2 
 .bss.active_nodes
                0x0000000020000144        0x4 build/ubase/urf_star_protocol.c.o
                0x0000000020000144                active_nodes
 .bss.buf_pack_len
                0x0000000020000148        0x4 build/ubase/urf_star_protocol.c.o
                0x0000000020000148                buf_pack_len
 .bss.cur_pack_len
                0x000000002000014c        0x4 build/ubase/urf_star_protocol.c.o
                0x000000002000014c                cur_pack_len
 .bss.cycle_phase
                0x0000000020000150        0x4 build/ubase/urf_star_protocol.c.o
                0x0000000020000150                cycle_phase
 .bss.last_asked_time
                0x0000000020000154        0x4 build/ubase/urf_star_protocol.c.o
                0x0000000020000154                last_asked_time
 .bss.last_phase_start
                0x0000000020000158        0x4 build/ubase/urf_star_protocol.c.o
                0x0000000020000158                last_phase_start
 .bss.last_sync_time
                0x000000002000015c        0x4 build/ubase/urf_star_protocol.c.o
                0x000000002000015c                last_sync_time
 .bss.role_central
                0x0000000020000160        0x4 build/ubase/urf_star_protocol.c.o
                0x0000000020000160                role_central
 .bss.star_has_new_packet
                0x0000000020000164        0x4 build/ubase/urf_star_protocol.c.o
                0x0000000020000164                star_has_new_packet
 *(COMMON)
 COMMON         0x0000000020000168      0x320 build/ubase/udevices_base_main.c.o
                0x0000000020000168                led_pin_mask
                0x0000000020000174                led_pins
                0x0000000020000178                cycle_packet
                0x000000002000027c                data_packet
                0x0000000020000380                sync_packet
                0x0000000020000484                uart_buf_length
 COMMON         0x0000000020000488       0x14 build/ubase/leds.c.o
                0x0000000020000488                leds_pwm
                0x000000002000048c                pwm_seq
 COMMON         0x000000002000049c      0x244 build/ubase/urf_radio.c.o
                0x000000002000049c                resp_crc_fail
                0x00000000200004bc                resp_crc_ok
                0x00000000200004dc                tx_packet
                0x00000000200005dc                rx_packet
                0x00000000200006dc                pack_payload
 COMMON         0x00000000200006e0      0x438 build/ubase/urf_uart.c.o
                0x00000000200006e0                uart_buf_tx
                0x00000000200008f4                uart_buf_rx
                0x0000000020000a18                umsg
 COMMON         0x0000000020000b18      0x540 build/ubase/urf_star_protocol.c.o
                0x0000000020000b18                in_pack
                0x0000000020000c18                buf_pack
                0x0000000020000d18                node_list
                0x0000000020000e18                node_active
                0x0000000020000f18                cur_out_pack
                0x0000000020001018                node_pack_id
                0x0000000020001058                . = ALIGN (0x4)
                0x0000000020001058                __bss_end__ = .

.heap           0x0000000020001058     0x4000
                0x0000000020001058                __HeapBase = .
                0x0000000020001058                __end__ = .
                0x0000000020001058                PROVIDE (end = .)
 *(.heap*)
 .heap          0x0000000020001058     0x4000 build/ubase/gcc_startup_nrf52.S.o
                0x0000000020005058                __HeapLimit = .

.stack_dummy    0x0000000020001058     0x4000
 *(.stack*)
 .stack         0x0000000020001058     0x4000 build/ubase/gcc_startup_nrf52.S.o
                0x0000000020010000                __StackTop = (ORIGIN (RAM) + LENGTH (RAM))
                0x000000002000c000                __StackLimit = (__StackTop - SIZEOF (.stack_dummy))
                0x0000000020010000                PROVIDE (__stack = __StackTop)
                0x0000000000000001                ASSERT ((__StackLimit >= __HeapLimit), region RAM overflowed with stack)
                0x000000000000009c                DataInitFlashUsed = (__bss_start__ - __data_start__)
                0x0000000000001f64                CodeFlashUsed = (__etext - ORIGIN (FLASH))
                0x0000000000002000                TotalFlashUsed = (CodeFlashUsed + DataInitFlashUsed)
                0x0000000000000001                ASSERT ((TotalFlashUsed <= LENGTH (FLASH)), region FLASH overflowed with .data and user data)
OUTPUT(build/ubase.out elf32-littlearm)

.ARM.attributes
                0x0000000000000000       0x30
 .ARM.attributes
                0x0000000000000000       0x1e /home/the_3d6/devtools/gcc-arm-none-eabi-8-2018-q4-major/bin/../lib/gcc/arm-none-eabi/8.2.1/thumb/v7e-m+fp/hard/crti.o
 .ARM.attributes
                0x000000000000001e       0x34 /home/the_3d6/devtools/gcc-arm-none-eabi-8-2018-q4-major/bin/../lib/gcc/arm-none-eabi/8.2.1/thumb/v7e-m+fp/hard/crtbegin.o
 .ARM.attributes
                0x0000000000000052       0x1c /home/the_3d6/devtools/gcc-arm-none-eabi-8-2018-q4-major/bin/../lib/gcc/arm-none-eabi/8.2.1/../../../../arm-none-eabi/lib/thumb/v7e-m+fp/hard/crt0.o
 .ARM.attributes
                0x000000000000006e       0x34 build/ubase/udevices_base_main.c.o
 .ARM.attributes
                0x00000000000000a2       0x34 build/ubase/leds.c.o
 .ARM.attributes
                0x00000000000000d6       0x34 build/ubase/urf_radio.c.o
 .ARM.attributes
                0x000000000000010a       0x34 build/ubase/urf_timer.c.o
 .ARM.attributes
                0x000000000000013e       0x34 build/ubase/urf_uart.c.o
 .ARM.attributes
                0x0000000000000172       0x34 build/ubase/urf_star_protocol.c.o
 .ARM.attributes
                0x00000000000001a6       0x20 build/ubase/gcc_startup_nrf52.S.o
 .ARM.attributes
                0x00000000000001c6       0x34 build/ubase/system_nrf52.c.o
 .ARM.attributes
                0x00000000000001fa       0x34 /home/the_3d6/devtools/gcc-arm-none-eabi-8-2018-q4-major/bin/../lib/gcc/arm-none-eabi/8.2.1/../../../../arm-none-eabi/lib/thumb/v7e-m+fp/hard/libc_nano.a(lib_a-exit.o)
 .ARM.attributes
                0x000000000000022e       0x32 /home/the_3d6/devtools/gcc-arm-none-eabi-8-2018-q4-major/bin/../lib/gcc/arm-none-eabi/8.2.1/../../../../arm-none-eabi/lib/thumb/v7e-m+fp/hard/libc_nano.a(lib_a-impure.o)
 .ARM.attributes
                0x0000000000000260       0x34 /home/the_3d6/devtools/gcc-arm-none-eabi-8-2018-q4-major/bin/../lib/gcc/arm-none-eabi/8.2.1/../../../../arm-none-eabi/lib/thumb/v7e-m+fp/hard/libc_nano.a(lib_a-init.o)
 .ARM.attributes
                0x0000000000000294       0x34 /home/the_3d6/devtools/gcc-arm-none-eabi-8-2018-q4-major/bin/../lib/gcc/arm-none-eabi/8.2.1/../../../../arm-none-eabi/lib/thumb/v7e-m+fp/hard/libc_nano.a(lib_a-memset.o)
 .ARM.attributes
                0x00000000000002c8       0x34 /home/the_3d6/devtools/gcc-arm-none-eabi-8-2018-q4-major/bin/../lib/gcc/arm-none-eabi/8.2.1/../../../../arm-none-eabi/lib/thumb/v7e-m+fp/hard/libnosys.a(_exit.o)
 .ARM.attributes
                0x00000000000002fc       0x32 /home/the_3d6/devtools/gcc-arm-none-eabi-8-2018-q4-major/bin/../lib/gcc/arm-none-eabi/8.2.1/thumb/v7e-m+fp/hard/crtend.o
 .ARM.attributes
                0x000000000000032e       0x1e /home/the_3d6/devtools/gcc-arm-none-eabi-8-2018-q4-major/bin/../lib/gcc/arm-none-eabi/8.2.1/thumb/v7e-m+fp/hard/crtn.o

.comment        0x0000000000000000       0x75
 .comment       0x0000000000000000       0x75 build/ubase/udevices_base_main.c.o
                                         0x76 (size before relaxing)
 .comment       0x0000000000000075       0x76 build/ubase/leds.c.o
 .comment       0x0000000000000075       0x76 build/ubase/urf_radio.c.o
 .comment       0x0000000000000075       0x76 build/ubase/urf_timer.c.o
 .comment       0x0000000000000075       0x76 build/ubase/urf_uart.c.o
 .comment       0x0000000000000075       0x76 build/ubase/urf_star_protocol.c.o
 .comment       0x0000000000000075       0x76 build/ubase/system_nrf52.c.o

.debug_line     0x0000000000000000       0x7d
 .debug_line    0x0000000000000000       0x7d build/ubase/gcc_startup_nrf52.S.o

.debug_info     0x0000000000000000       0x26
 .debug_info    0x0000000000000000       0x26 build/ubase/gcc_startup_nrf52.S.o

.debug_abbrev   0x0000000000000000       0x14
 .debug_abbrev  0x0000000000000000       0x14 build/ubase/gcc_startup_nrf52.S.o

.debug_aranges  0x0000000000000000       0x20
 .debug_aranges
                0x0000000000000000       0x20 build/ubase/gcc_startup_nrf52.S.o

.debug_str      0x0000000000000000       0x72
 .debug_str     0x0000000000000000       0x72 build/ubase/gcc_startup_nrf52.S.o

.debug_frame    0x0000000000000000       0x94
 .debug_frame   0x0000000000000000       0x28 /home/the_3d6/devtools/gcc-arm-none-eabi-8-2018-q4-major/bin/../lib/gcc/arm-none-eabi/8.2.1/../../../../arm-none-eabi/lib/thumb/v7e-m+fp/hard/libc_nano.a(lib_a-exit.o)
 .debug_frame   0x0000000000000028       0x2c /home/the_3d6/devtools/gcc-arm-none-eabi-8-2018-q4-major/bin/../lib/gcc/arm-none-eabi/8.2.1/../../../../arm-none-eabi/lib/thumb/v7e-m+fp/hard/libc_nano.a(lib_a-init.o)
 .debug_frame   0x0000000000000054       0x20 /home/the_3d6/devtools/gcc-arm-none-eabi-8-2018-q4-major/bin/../lib/gcc/arm-none-eabi/8.2.1/../../../../arm-none-eabi/lib/thumb/v7e-m+fp/hard/libc_nano.a(lib_a-memset.o)
 .debug_frame   0x0000000000000074       0x20 /home/the_3d6/devtools/gcc-arm-none-eabi-8-2018-q4-major/bin/../lib/gcc/arm-none-eabi/8.2.1/../../../../arm-none-eabi/lib/thumb/v7e-m+fp/hard/libnosys.a(_exit.o)
